###############################################################################
#
# IAR ELF Linker V8.40.2.214/W32 for ARM                  02/Jul/2026  21:39:04
# Copyright 2007-2019 IAR Systems AB.
#
#    Output file  =
#        D:\FOC_Project\Trunk\ProJect\HM_C095_SCM_App-e8f80a2-mcal-config\Appl\Debug\Exe\FOC_SCM.out.tmp
#    Map file     =
#        D:\FOC_Project\Trunk\ProJect\HM_C095_SCM_App-e8f80a2-mcal-config\Appl\Debug\List\FOC_SCM.map
#    Command line =
#        -f C:\Users\SHJ\AppData\Local\Temp\EW5675.tmp
#        (D:\FOC_Project\Trunk\ProJect\HM_C095_SCM_App-e8f80a2-mcal-config\Appl\Debug\Obj\Adc.o
#        D:\FOC_Project\Trunk\ProJect\HM_C095_SCM_App-e8f80a2-mcal-config\Appl\Debug\Obj\Adc_Drv.o
#        D:\FOC_Project\Trunk\ProJect\HM_C095_SCM_App-e8f80a2-mcal-config\Appl\Debug\Obj\Adc_Drv_Irq.o
#        D:\FOC_Project\Trunk\ProJect\HM_C095_SCM_App-e8f80a2-mcal-config\Appl\Debug\Obj\Adc_Drv_PBcfg.o
#        D:\FOC_Project\Trunk\ProJect\HM_C095_SCM_App-e8f80a2-mcal-config\Appl\Debug\Obj\Adc_PBcfg.o
#        D:\FOC_Project\Trunk\ProJect\HM_C095_SCM_App-e8f80a2-mcal-config\Appl\Debug\Obj\AppBms.o
#        D:\FOC_Project\Trunk\ProJect\HM_C095_SCM_App-e8f80a2-mcal-config\Appl\Debug\Obj\AppCurrentSense.o
#        D:\FOC_Project\Trunk\ProJect\HM_C095_SCM_App-e8f80a2-mcal-config\Appl\Debug\Obj\appdesc.o
#        D:\FOC_Project\Trunk\ProJect\HM_C095_SCM_App-e8f80a2-mcal-config\Appl\Debug\Obj\appdescdev.o
#        D:\FOC_Project\Trunk\ProJect\HM_C095_SCM_App-e8f80a2-mcal-config\Appl\Debug\Obj\AppErrProc.o
#        D:\FOC_Project\Trunk\ProJect\HM_C095_SCM_App-e8f80a2-mcal-config\Appl\Debug\Obj\AppMotorCtrl.o
#        D:\FOC_Project\Trunk\ProJect\HM_C095_SCM_App-e8f80a2-mcal-config\Appl\Debug\Obj\AppMotorDbg.o
#        D:\FOC_Project\Trunk\ProJect\HM_C095_SCM_App-e8f80a2-mcal-config\Appl\Debug\Obj\AppPwrMode.o
#        D:\FOC_Project\Trunk\ProJect\HM_C095_SCM_App-e8f80a2-mcal-config\Appl\Debug\Obj\AppSa.o
#        D:\FOC_Project\Trunk\ProJect\HM_C095_SCM_App-e8f80a2-mcal-config\Appl\Debug\Obj\AppUserDesc.o
#        D:\FOC_Project\Trunk\ProJect\HM_C095_SCM_App-e8f80a2-mcal-config\Appl\Debug\Obj\bsp_init.o
#        D:\FOC_Project\Trunk\ProJect\HM_C095_SCM_App-e8f80a2-mcal-config\Appl\Debug\Obj\Can.o
#        D:\FOC_Project\Trunk\ProJect\HM_C095_SCM_App-e8f80a2-mcal-config\Appl\Debug\Obj\Can_Drv.o
#        D:\FOC_Project\Trunk\ProJect\HM_C095_SCM_App-e8f80a2-mcal-config\Appl\Debug\Obj\Can_Drv_Irq.o
#        D:\FOC_Project\Trunk\ProJect\HM_C095_SCM_App-e8f80a2-mcal-config\Appl\Debug\Obj\Can_Drv_PBcfg.o
#        D:\FOC_Project\Trunk\ProJect\HM_C095_SCM_App-e8f80a2-mcal-config\Appl\Debug\Obj\Can_Irq.o
#        D:\FOC_Project\Trunk\ProJect\HM_C095_SCM_App-e8f80a2-mcal-config\Appl\Debug\Obj\can_par.o
#        D:\FOC_Project\Trunk\ProJect\HM_C095_SCM_App-e8f80a2-mcal-config\Appl\Debug\Obj\Can_PBcfg.o
#        D:\FOC_Project\Trunk\ProJect\HM_C095_SCM_App-e8f80a2-mcal-config\Appl\Debug\Obj\CanIf.o
#        D:\FOC_Project\Trunk\ProJect\HM_C095_SCM_App-e8f80a2-mcal-config\Appl\Debug\Obj\CanIf_Can.o
#        D:\FOC_Project\Trunk\ProJect\HM_C095_SCM_App-e8f80a2-mcal-config\Appl\Debug\Obj\CanNm.o
#        D:\FOC_Project\Trunk\ProJect\HM_C095_SCM_App-e8f80a2-mcal-config\Appl\Debug\Obj\CanNm_Cfg.o
#        D:\FOC_Project\Trunk\ProJect\HM_C095_SCM_App-e8f80a2-mcal-config\Appl\Debug\Obj\CanNm_Lcfg.o
#        D:\FOC_Project\Trunk\ProJect\HM_C095_SCM_App-e8f80a2-mcal-config\Appl\Debug\Obj\CanNm_PBcfg.o
#        D:\FOC_Project\Trunk\ProJect\HM_C095_SCM_App-e8f80a2-mcal-config\Appl\Debug\Obj\CanStackTask.o
#        D:\FOC_Project\Trunk\ProJect\HM_C095_SCM_App-e8f80a2-mcal-config\Appl\Debug\Obj\ccl.o
#        D:\FOC_Project\Trunk\ProJect\HM_C095_SCM_App-e8f80a2-mcal-config\Appl\Debug\Obj\ccl_par.o
#        D:\FOC_Project\Trunk\ProJect\HM_C095_SCM_App-e8f80a2-mcal-config\Appl\Debug\Obj\CDD_Dma.o
#        D:\FOC_Project\Trunk\ProJect\HM_C095_SCM_App-e8f80a2-mcal-config\Appl\Debug\Obj\CDD_Dma_PBcfg.o
#        D:\FOC_Project\Trunk\ProJect\HM_C095_SCM_App-e8f80a2-mcal-config\Appl\Debug\Obj\CddAdc.o
#        D:\FOC_Project\Trunk\ProJect\HM_C095_SCM_App-e8f80a2-mcal-config\Appl\Debug\Obj\CddSbc.o
#        D:\FOC_Project\Trunk\ProJect\HM_C095_SCM_App-e8f80a2-mcal-config\Appl\Debug\Obj\Cmp_Icu_Drv.o
#        D:\FOC_Project\Trunk\ProJect\HM_C095_SCM_App-e8f80a2-mcal-config\Appl\Debug\Obj\Cmp_Icu_Drv_Irq.o
#        D:\FOC_Project\Trunk\ProJect\HM_C095_SCM_App-e8f80a2-mcal-config\Appl\Debug\Obj\Cmp_Icu_Drv_PBcfg.o
#        D:\FOC_Project\Trunk\ProJect\HM_C095_SCM_App-e8f80a2-mcal-config\Appl\Debug\Obj\croutine.o
#        D:\FOC_Project\Trunk\ProJect\HM_C095_SCM_App-e8f80a2-mcal-config\Appl\Debug\Obj\desc.o
#        D:\FOC_Project\Trunk\ProJect\HM_C095_SCM_App-e8f80a2-mcal-config\Appl\Debug\Obj\Det.o
#        D:\FOC_Project\Trunk\ProJect\HM_C095_SCM_App-e8f80a2-mcal-config\Appl\Debug\Obj\Dio.o
#        D:\FOC_Project\Trunk\ProJect\HM_C095_SCM_App-e8f80a2-mcal-config\Appl\Debug\Obj\Dio_Cfg.o
#        D:\FOC_Project\Trunk\ProJect\HM_C095_SCM_App-e8f80a2-mcal-config\Appl\Debug\Obj\Dio_Drvw.o
#        D:\FOC_Project\Trunk\ProJect\HM_C095_SCM_App-e8f80a2-mcal-config\Appl\Debug\Obj\Dma_Drv.o
#        D:\FOC_Project\Trunk\ProJect\HM_C095_SCM_App-e8f80a2-mcal-config\Appl\Debug\Obj\Dma_Drv_Irq.o
#        D:\FOC_Project\Trunk\ProJect\HM_C095_SCM_App-e8f80a2-mcal-config\Appl\Debug\Obj\Dma_Drv_PBcfg.o
#        D:\FOC_Project\Trunk\ProJect\HM_C095_SCM_App-e8f80a2-mcal-config\Appl\Debug\Obj\DRV8305NQ1.o
#        D:\FOC_Project\Trunk\ProJect\HM_C095_SCM_App-e8f80a2-mcal-config\Appl\Debug\Obj\drv_par.o
#        D:\FOC_Project\Trunk\ProJect\HM_C095_SCM_App-e8f80a2-mcal-config\Appl\Debug\Obj\DrvCan.o
#        D:\FOC_Project\Trunk\ProJect\HM_C095_SCM_App-e8f80a2-mcal-config\Appl\Debug\Obj\DrvCan_Cfg.o
#        D:\FOC_Project\Trunk\ProJect\HM_C095_SCM_App-e8f80a2-mcal-config\Appl\Debug\Obj\event_groups.o
#        D:\FOC_Project\Trunk\ProJect\HM_C095_SCM_App-e8f80a2-mcal-config\Appl\Debug\Obj\freertos_Port.o
#        D:\FOC_Project\Trunk\ProJect\HM_C095_SCM_App-e8f80a2-mcal-config\Appl\Debug\Obj\Gpio_Drv.o
#        D:\FOC_Project\Trunk\ProJect\HM_C095_SCM_App-e8f80a2-mcal-config\Appl\Debug\Obj\heap_4.o
#        D:\FOC_Project\Trunk\ProJect\HM_C095_SCM_App-e8f80a2-mcal-config\Appl\Debug\Obj\Icu.o
#        D:\FOC_Project\Trunk\ProJect\HM_C095_SCM_App-e8f80a2-mcal-config\Appl\Debug\Obj\Icu_Cfg.o
#        D:\FOC_Project\Trunk\ProJect\HM_C095_SCM_App-e8f80a2-mcal-config\Appl\Debug\Obj\Icu_Drvw.o
#        D:\FOC_Project\Trunk\ProJect\HM_C095_SCM_App-e8f80a2-mcal-config\Appl\Debug\Obj\Icu_Drvw_PBcfg.o
#        D:\FOC_Project\Trunk\ProJect\HM_C095_SCM_App-e8f80a2-mcal-config\Appl\Debug\Obj\Icu_PBcfg.o
#        D:\FOC_Project\Trunk\ProJect\HM_C095_SCM_App-e8f80a2-mcal-config\Appl\Debug\Obj\il.o
#        D:\FOC_Project\Trunk\ProJect\HM_C095_SCM_App-e8f80a2-mcal-config\Appl\Debug\Obj\il_par.o
#        D:\FOC_Project\Trunk\ProJect\HM_C095_SCM_App-e8f80a2-mcal-config\Appl\Debug\Obj\Interrupt_Drv.o
#        D:\FOC_Project\Trunk\ProJect\HM_C095_SCM_App-e8f80a2-mcal-config\Appl\Debug\Obj\Interrupt_Drv_Cfg.o
#        D:\FOC_Project\Trunk\ProJect\HM_C095_SCM_App-e8f80a2-mcal-config\Appl\Debug\Obj\LegacyEcu.o
#        D:\FOC_Project\Trunk\ProJect\HM_C095_SCM_App-e8f80a2-mcal-config\Appl\Debug\Obj\LegacyEcu_Cfg.o
#        D:\FOC_Project\Trunk\ProJect\HM_C095_SCM_App-e8f80a2-mcal-config\Appl\Debug\Obj\LibDataCheck.o
#        D:\FOC_Project\Trunk\ProJect\HM_C095_SCM_App-e8f80a2-mcal-config\Appl\Debug\Obj\LibDataOperate.o
#        D:\FOC_Project\Trunk\ProJect\HM_C095_SCM_App-e8f80a2-mcal-config\Appl\Debug\Obj\list.o
#        D:\FOC_Project\Trunk\ProJect\HM_C095_SCM_App-e8f80a2-mcal-config\Appl\Debug\Obj\main.o
#        D:\FOC_Project\Trunk\ProJect\HM_C095_SCM_App-e8f80a2-mcal-config\Appl\Debug\Obj\McalLib.o
#        D:\FOC_Project\Trunk\ProJect\HM_C095_SCM_App-e8f80a2-mcal-config\Appl\Debug\Obj\McalLib_Cfg.o
#        D:\FOC_Project\Trunk\ProJect\HM_C095_SCM_App-e8f80a2-mcal-config\Appl\Debug\Obj\McalLib_OsCounter.o
#        D:\FOC_Project\Trunk\ProJect\HM_C095_SCM_App-e8f80a2-mcal-config\Appl\Debug\Obj\Mcpwm_Pwm_Drv.o
#        D:\FOC_Project\Trunk\ProJect\HM_C095_SCM_App-e8f80a2-mcal-config\Appl\Debug\Obj\Mcpwm_Pwm_Drv_Irq.o
#        D:\FOC_Project\Trunk\ProJect\HM_C095_SCM_App-e8f80a2-mcal-config\Appl\Debug\Obj\Mcpwm_Pwm_Drv_PBcfg.o
#        D:\FOC_Project\Trunk\ProJect\HM_C095_SCM_App-e8f80a2-mcal-config\Appl\Debug\Obj\Mcu.o
#        D:\FOC_Project\Trunk\ProJect\HM_C095_SCM_App-e8f80a2-mcal-config\Appl\Debug\Obj\Mcu_Drvw.o
#        D:\FOC_Project\Trunk\ProJect\HM_C095_SCM_App-e8f80a2-mcal-config\Appl\Debug\Obj\Mcu_Drvw_PBcfg.o
#        D:\FOC_Project\Trunk\ProJect\HM_C095_SCM_App-e8f80a2-mcal-config\Appl\Debug\Obj\Mcu_PBcfg.o
#        D:\FOC_Project\Trunk\ProJect\HM_C095_SCM_App-e8f80a2-mcal-config\Appl\Debug\Obj\MotorClarke.o
#        D:\FOC_Project\Trunk\ProJect\HM_C095_SCM_App-e8f80a2-mcal-config\Appl\Debug\Obj\MotorInvPark.o
#        D:\FOC_Project\Trunk\ProJect\HM_C095_SCM_App-e8f80a2-mcal-config\Appl\Debug\Obj\MotorPark.o
#        D:\FOC_Project\Trunk\ProJect\HM_C095_SCM_App-e8f80a2-mcal-config\Appl\Debug\Obj\MotorSinTable.o
#        D:\FOC_Project\Trunk\ProJect\HM_C095_SCM_App-e8f80a2-mcal-config\Appl\Debug\Obj\MotorSvpwm.o
#        D:\FOC_Project\Trunk\ProJect\HM_C095_SCM_App-e8f80a2-mcal-config\Appl\Debug\Obj\Nm.o
#        D:\FOC_Project\Trunk\ProJect\HM_C095_SCM_App-e8f80a2-mcal-config\Appl\Debug\Obj\Nm_Cfg.o
#        D:\FOC_Project\Trunk\ProJect\HM_C095_SCM_App-e8f80a2-mcal-config\Appl\Debug\Obj\Nm_Lcfg.o
#        D:\FOC_Project\Trunk\ProJect\HM_C095_SCM_App-e8f80a2-mcal-config\Appl\Debug\Obj\NmCbdWrp.o
#        D:\FOC_Project\Trunk\ProJect\HM_C095_SCM_App-e8f80a2-mcal-config\Appl\Debug\Obj\nmcbdwrp_par.o
#        D:\FOC_Project\Trunk\ProJect\HM_C095_SCM_App-e8f80a2-mcal-config\Appl\Debug\Obj\OsUserConfig.o
#        D:\FOC_Project\Trunk\ProJect\HM_C095_SCM_App-e8f80a2-mcal-config\Appl\Debug\Obj\Parcc_Drv.o
#        D:\FOC_Project\Trunk\ProJect\HM_C095_SCM_App-e8f80a2-mcal-config\Appl\Debug\Obj\Parcc_Drv_PBcfg.o
#        D:\FOC_Project\Trunk\ProJect\HM_C095_SCM_App-e8f80a2-mcal-config\Appl\Debug\Obj\Platform.o
#        D:\FOC_Project\Trunk\ProJect\HM_C095_SCM_App-e8f80a2-mcal-config\Appl\Debug\Obj\Platform_Cfg.o
#        D:\FOC_Project\Trunk\ProJect\HM_C095_SCM_App-e8f80a2-mcal-config\Appl\Debug\Obj\Pmu_Drv.o
#        D:\FOC_Project\Trunk\ProJect\HM_C095_SCM_App-e8f80a2-mcal-config\Appl\Debug\Obj\Pmu_Drv_Irq.o
#        D:\FOC_Project\Trunk\ProJect\HM_C095_SCM_App-e8f80a2-mcal-config\Appl\Debug\Obj\Pmu_Drv_PBcfg.o
#        D:\FOC_Project\Trunk\ProJect\HM_C095_SCM_App-e8f80a2-mcal-config\Appl\Debug\Obj\Port.o
#        D:\FOC_Project\Trunk\ProJect\HM_C095_SCM_App-e8f80a2-mcal-config\Appl\Debug\Obj\Port_Cfg.o
#        D:\FOC_Project\Trunk\ProJect\HM_C095_SCM_App-e8f80a2-mcal-config\Appl\Debug\Obj\Port_Drv.o
#        D:\FOC_Project\Trunk\ProJect\HM_C095_SCM_App-e8f80a2-mcal-config\Appl\Debug\Obj\Port_Drv_PBcfg.o
#        D:\FOC_Project\Trunk\ProJect\HM_C095_SCM_App-e8f80a2-mcal-config\Appl\Debug\Obj\Port_Drvw.o
#        D:\FOC_Project\Trunk\ProJect\HM_C095_SCM_App-e8f80a2-mcal-config\Appl\Debug\Obj\Port_Drvw_PBcfg.o
#        D:\FOC_Project\Trunk\ProJect\HM_C095_SCM_App-e8f80a2-mcal-config\Appl\Debug\Obj\Port_Icu_Drv.o
#        D:\FOC_Project\Trunk\ProJect\HM_C095_SCM_App-e8f80a2-mcal-config\Appl\Debug\Obj\Port_Icu_Drv_Irq.o
#        D:\FOC_Project\Trunk\ProJect\HM_C095_SCM_App-e8f80a2-mcal-config\Appl\Debug\Obj\Port_Icu_Drv_PBcfg.o
#        D:\FOC_Project\Trunk\ProJect\HM_C095_SCM_App-e8f80a2-mcal-config\Appl\Debug\Obj\Port_PBcfg.o
#        D:\FOC_Project\Trunk\ProJect\HM_C095_SCM_App-e8f80a2-mcal-config\Appl\Debug\Obj\portasm.o
#        D:\FOC_Project\Trunk\ProJect\HM_C095_SCM_App-e8f80a2-mcal-config\Appl\Debug\Obj\Pwm.o
#        D:\FOC_Project\Trunk\ProJect\HM_C095_SCM_App-e8f80a2-mcal-config\Appl\Debug\Obj\Pwm_Drvw.o
#        D:\FOC_Project\Trunk\ProJect\HM_C095_SCM_App-e8f80a2-mcal-config\Appl\Debug\Obj\Pwm_Drvw_PBcfg.o
#        D:\FOC_Project\Trunk\ProJect\HM_C095_SCM_App-e8f80a2-mcal-config\Appl\Debug\Obj\Pwm_PBcfg.o
#        D:\FOC_Project\Trunk\ProJect\HM_C095_SCM_App-e8f80a2-mcal-config\Appl\Debug\Obj\queue.o
#        D:\FOC_Project\Trunk\ProJect\HM_C095_SCM_App-e8f80a2-mcal-config\Appl\Debug\Obj\Ram_Drv.o
#        D:\FOC_Project\Trunk\ProJect\HM_C095_SCM_App-e8f80a2-mcal-config\Appl\Debug\Obj\Ram_Drv_PBcfg.o
#        D:\FOC_Project\Trunk\ProJect\HM_C095_SCM_App-e8f80a2-mcal-config\Appl\Debug\Obj\Scc_Drv.o
#        D:\FOC_Project\Trunk\ProJect\HM_C095_SCM_App-e8f80a2-mcal-config\Appl\Debug\Obj\Scc_Drv_Irq.o
#        D:\FOC_Project\Trunk\ProJect\HM_C095_SCM_App-e8f80a2-mcal-config\Appl\Debug\Obj\Scc_Drv_PBcfg.o
#        D:\FOC_Project\Trunk\ProJect\HM_C095_SCM_App-e8f80a2-mcal-config\Appl\Debug\Obj\SchM_Adc.o
#        D:\FOC_Project\Trunk\ProJect\HM_C095_SCM_App-e8f80a2-mcal-config\Appl\Debug\Obj\SchM_Can.o
#        D:\FOC_Project\Trunk\ProJect\HM_C095_SCM_App-e8f80a2-mcal-config\Appl\Debug\Obj\SchM_Crypto.o
#        D:\FOC_Project\Trunk\ProJect\HM_C095_SCM_App-e8f80a2-mcal-config\Appl\Debug\Obj\SchM_Dio.o
#        D:\FOC_Project\Trunk\ProJect\HM_C095_SCM_App-e8f80a2-mcal-config\Appl\Debug\Obj\SchM_Dma.o
#        D:\FOC_Project\Trunk\ProJect\HM_C095_SCM_App-e8f80a2-mcal-config\Appl\Debug\Obj\SchM_Fls.o
#        D:\FOC_Project\Trunk\ProJect\HM_C095_SCM_App-e8f80a2-mcal-config\Appl\Debug\Obj\SchM_Gpt.o
#        D:\FOC_Project\Trunk\ProJect\HM_C095_SCM_App-e8f80a2-mcal-config\Appl\Debug\Obj\SchM_I2c.o
#        D:\FOC_Project\Trunk\ProJect\HM_C095_SCM_App-e8f80a2-mcal-config\Appl\Debug\Obj\SchM_Icu.o
#        D:\FOC_Project\Trunk\ProJect\HM_C095_SCM_App-e8f80a2-mcal-config\Appl\Debug\Obj\SchM_Lin.o
#        D:\FOC_Project\Trunk\ProJect\HM_C095_SCM_App-e8f80a2-mcal-config\Appl\Debug\Obj\SchM_Mcu.o
#        D:\FOC_Project\Trunk\ProJect\HM_C095_SCM_App-e8f80a2-mcal-config\Appl\Debug\Obj\SchM_Ocu.o
#        D:\FOC_Project\Trunk\ProJect\HM_C095_SCM_App-e8f80a2-mcal-config\Appl\Debug\Obj\SchM_Port.o
#        D:\FOC_Project\Trunk\ProJect\HM_C095_SCM_App-e8f80a2-mcal-config\Appl\Debug\Obj\SchM_Pwm.o
#        D:\FOC_Project\Trunk\ProJect\HM_C095_SCM_App-e8f80a2-mcal-config\Appl\Debug\Obj\SchM_Spi.o
#        D:\FOC_Project\Trunk\ProJect\HM_C095_SCM_App-e8f80a2-mcal-config\Appl\Debug\Obj\SchM_Wdg.o
#        D:\FOC_Project\Trunk\ProJect\HM_C095_SCM_App-e8f80a2-mcal-config\Appl\Debug\Obj\SchM_Wdg_179_Ewdt.o
#        D:\FOC_Project\Trunk\ProJect\HM_C095_SCM_App-e8f80a2-mcal-config\Appl\Debug\Obj\Scm_Mcu_Drv.o
#        D:\FOC_Project\Trunk\ProJect\HM_C095_SCM_App-e8f80a2-mcal-config\Appl\Debug\Obj\Scm_Mcu_Drv_PBcfg.o
#        D:\FOC_Project\Trunk\ProJect\HM_C095_SCM_App-e8f80a2-mcal-config\Appl\Debug\Obj\SEGGER_RTT.o
#        D:\FOC_Project\Trunk\ProJect\HM_C095_SCM_App-e8f80a2-mcal-config\Appl\Debug\Obj\Spi.o
#        D:\FOC_Project\Trunk\ProJect\HM_C095_SCM_App-e8f80a2-mcal-config\Appl\Debug\Obj\Spi_Drv.o
#        D:\FOC_Project\Trunk\ProJect\HM_C095_SCM_App-e8f80a2-mcal-config\Appl\Debug\Obj\Spi_Drv_Irq.o
#        D:\FOC_Project\Trunk\ProJect\HM_C095_SCM_App-e8f80a2-mcal-config\Appl\Debug\Obj\Spi_Drv_PBcfg.o
#        D:\FOC_Project\Trunk\ProJect\HM_C095_SCM_App-e8f80a2-mcal-config\Appl\Debug\Obj\Spi_Drvw.o
#        D:\FOC_Project\Trunk\ProJect\HM_C095_SCM_App-e8f80a2-mcal-config\Appl\Debug\Obj\Spi_Drvw_PBcfg.o
#        D:\FOC_Project\Trunk\ProJect\HM_C095_SCM_App-e8f80a2-mcal-config\Appl\Debug\Obj\Spi_PBcfg.o
#        D:\FOC_Project\Trunk\ProJect\HM_C095_SCM_App-e8f80a2-mcal-config\Appl\Debug\Obj\Srmc_Drv.o
#        D:\FOC_Project\Trunk\ProJect\HM_C095_SCM_App-e8f80a2-mcal-config\Appl\Debug\Obj\Srmc_Drv_PBcfg.o
#        D:\FOC_Project\Trunk\ProJect\HM_C095_SCM_App-e8f80a2-mcal-config\Appl\Debug\Obj\Startup.o
#        D:\FOC_Project\Trunk\ProJect\HM_C095_SCM_App-e8f80a2-mcal-config\Appl\Debug\Obj\stream_buffer.o
#        D:\FOC_Project\Trunk\ProJect\HM_C095_SCM_App-e8f80a2-mcal-config\Appl\Debug\Obj\tasks.o
#        D:\FOC_Project\Trunk\ProJect\HM_C095_SCM_App-e8f80a2-mcal-config\Appl\Debug\Obj\Tdg_Adc_Drv.o
#        D:\FOC_Project\Trunk\ProJect\HM_C095_SCM_App-e8f80a2-mcal-config\Appl\Debug\Obj\Tdg_Adc_Drv_Irq.o
#        D:\FOC_Project\Trunk\ProJect\HM_C095_SCM_App-e8f80a2-mcal-config\Appl\Debug\Obj\Tdg_Adc_Drv_PBcfg.o
#        D:\FOC_Project\Trunk\ProJect\HM_C095_SCM_App-e8f80a2-mcal-config\Appl\Debug\Obj\Tim_Icu_Drv.o
#        D:\FOC_Project\Trunk\ProJect\HM_C095_SCM_App-e8f80a2-mcal-config\Appl\Debug\Obj\Tim_Icu_Drv_Irq.o
#        D:\FOC_Project\Trunk\ProJect\HM_C095_SCM_App-e8f80a2-mcal-config\Appl\Debug\Obj\Tim_Icu_Drv_PBcfg.o
#        D:\FOC_Project\Trunk\ProJect\HM_C095_SCM_App-e8f80a2-mcal-config\Appl\Debug\Obj\Tim_Pwm_Drv.o
#        D:\FOC_Project\Trunk\ProJect\HM_C095_SCM_App-e8f80a2-mcal-config\Appl\Debug\Obj\Tim_Pwm_Drv_Irq.o
#        D:\FOC_Project\Trunk\ProJect\HM_C095_SCM_App-e8f80a2-mcal-config\Appl\Debug\Obj\Tim_Pwm_Drv_PBcfg.o
#        D:\FOC_Project\Trunk\ProJect\HM_C095_SCM_App-e8f80a2-mcal-config\Appl\Debug\Obj\timers.o
#        D:\FOC_Project\Trunk\ProJect\HM_C095_SCM_App-e8f80a2-mcal-config\Appl\Debug\Obj\Tmu_Drv.o
#        D:\FOC_Project\Trunk\ProJect\HM_C095_SCM_App-e8f80a2-mcal-config\Appl\Debug\Obj\Tmu_Drv_Cfg.o
#        D:\FOC_Project\Trunk\ProJect\HM_C095_SCM_App-e8f80a2-mcal-config\Appl\Debug\Obj\tp_par.o
#        D:\FOC_Project\Trunk\ProJect\HM_C095_SCM_App-e8f80a2-mcal-config\Appl\Debug\Obj\tpmc.o
#        D:\FOC_Project\Trunk\ProJect\HM_C095_SCM_App-e8f80a2-mcal-config\Appl\Debug\Obj\TraceAgentCore.o
#        D:\FOC_Project\Trunk\ProJect\HM_C095_SCM_App-e8f80a2-mcal-config\Appl\Debug\Obj\TraceAgentPort.o
#        D:\FOC_Project\Trunk\ProJect\HM_C095_SCM_App-e8f80a2-mcal-config\Appl\Debug\Obj\TraceSignals.o
#        D:\FOC_Project\Trunk\ProJect\HM_C095_SCM_App-e8f80a2-mcal-config\Appl\Debug\Obj\v_par.o
#        D:\FOC_Project\Trunk\ProJect\HM_C095_SCM_App-e8f80a2-mcal-config\Appl\Debug\Obj\VsrvComCbk.o
#        D:\FOC_Project\Trunk\ProJect\HM_C095_SCM_App-e8f80a2-mcal-config\Appl\Debug\Obj\VsrvComManager.o
#        D:\FOC_Project\Trunk\ProJect\HM_C095_SCM_App-e8f80a2-mcal-config\Appl\Debug\Obj\vstdlib.o
#        D:\FOC_Project\Trunk\ProJect\HM_C095_SCM_App-e8f80a2-mcal-config\Appl\Debug\Obj\Wdg.o
#        D:\FOC_Project\Trunk\ProJect\HM_C095_SCM_App-e8f80a2-mcal-config\Appl\Debug\Obj\Wdg_Drvw.o
#        D:\FOC_Project\Trunk\ProJect\HM_C095_SCM_App-e8f80a2-mcal-config\Appl\Debug\Obj\Wdg_Drvw_PBcfg.o
#        D:\FOC_Project\Trunk\ProJect\HM_C095_SCM_App-e8f80a2-mcal-config\Appl\Debug\Obj\Wdg_PBcfg.o
#        D:\FOC_Project\Trunk\ProJect\HM_C095_SCM_App-e8f80a2-mcal-config\Appl\Debug\Obj\Wdog_Drv.o
#        D:\FOC_Project\Trunk\ProJect\HM_C095_SCM_App-e8f80a2-mcal-config\Appl\Debug\Obj\Wdog_Drv_Irq.o
#        D:\FOC_Project\Trunk\ProJect\HM_C095_SCM_App-e8f80a2-mcal-config\Appl\Debug\Obj\Wdog_Drv_PBcfg.o
#        D:\FOC_Project\Trunk\ProJect\HM_C095_SCM_App-e8f80a2-mcal-config\Appl\Debug\Obj\Z20K146M_startup.o
#        --redirect _Printf=_PrintfFullNoMb --redirect _Scanf=_ScanfFullNoMb
#        --no_out_extension -o
#        D:\FOC_Project\Trunk\ProJect\HM_C095_SCM_App-e8f80a2-mcal-config\Appl\Debug\Exe\FOC_SCM.out.tmp
#        --config_def APP_PROJECT=1 --config_def APP_DEBUG=1 --map
#        D:\FOC_Project\Trunk\ProJect\HM_C095_SCM_App-e8f80a2-mcal-config\Appl\Debug\List\FOC_SCM.map
#        --config
#        D:\FOC_Project\Trunk\ProJect\HM_C095_SCM_App-e8f80a2-mcal-config\Appl\LinkFile\Z20K146M_flash_mcal_freertos.icf
#        --semihosting --entry __iar_program_start --place_holder
#        __checksum,4,.checksum,1 --define_symbol __checksum_begin=0xc014
#        --define_symbol __checksum_end=0x3ffff --vfe --text_out locale)
#
###############################################################################

*******************************************************************************
*** RUNTIME MODEL ATTRIBUTES
***

CppFlavor       = *
__SystemLibrary = DLib
__dlib_version  = 6


*******************************************************************************
*** HEAP SELECTION
***

The basic heap was selected because no calls to memory allocation
functions were found in the application outside of system library
functions, and there are calls to deallocation functions in the
application.


*******************************************************************************
*** PLACEMENT SUMMARY
***

"P1":  place in [from 0x0 to 0x3ff] { section .intvec };
"P2":  place in [from 0xc900 to 0x8'5fff] { ro };
"P18": place in [from 0xc900 to 0x8'5fff] {
          section .mcal_code, section .mcal_const, section .mcal_config_data };
"P4":  place in [from 0xc010 to 0xc02f] { section .checksum };
"P10": place in [from 0x2000'0800 to 0x2001'f2ff] { zi, rw };
"P11": place in [from 0x2000'0800 to 0x2001'f2ff] { section .textrw };
"P19": place in [from 0x2000'0800 to 0x2001'f2ff] {
          section .mcal_data, section .mcal_bss, section .mcal_ramcode };
define block CSTACK with size = 2K, alignment = 8 { };
"P12": place in [from 0x2001'f300 to 0x2001'faff] { block CSTACK };
do not initialize {
   section .bss, section .NoInitRamExceptionSave, section .NoInitRamReserve,
   section .SharedRamReprogrammingFlag, section .SharedRamResetReason,
   section .SharedRamReserve };
initialize manually with packing = copy, complex ranges {
   section .data, section .textrw, section .FlashDriverDataRam,
   section .FlashDriverCodeRam, section .mcal_data, section .mcal_ramcode };
keep {
   section .BootUserInfo, section .checksum, section .AppHeaderAppSoftwareInfo,
   section .AppUserInfo };

No sections matched the following patterns:

  section .AppHeaderAppSoftwareInfo    in "P5"
  section .AppUserInfo                 in "P6"
  section .BootUserInfo                in "P3"
  section .FlashDriverRamCode          in "P8"
  section .FlashDriverRamData          in "P7"
  section .NoInitRamExceptionSave      in "P13"
  section .NoInitRamReserve            in "P14"
  section .SensitiveRam                in "P9"
  section .SharedRamReprogrammingFlag  in "P15"
  section .SharedRamReserve            in "P17"
  section .SharedRamResetReason        in "P16"
  section .mcal_ramcode                in "P10-P11|P19"
  section .textrw                      in "P10-P11|P19"


  Section              Kind         Address      Size  Object
  -------              ----         -------      ----  ------
"P1":                                           0x374
  .intvec              ro code          0x0     0x374  Z20K146M_startup.o [1]
                                    - 0x374     0x374

"P4":                                             0x4
  .checksum            const         0xc010       0x4  Place holder __checksum
                                   - 0xc014       0x4

"P2|P18":                                    0x1'6a3e
  .mcal_code           ro code       0xc900    0x24a8  Can_Drv.o [1]
  .mcal_code           ro code       0xeda8      0x7c  McalLib.o [1]
  .mcal_code           ro code       0xee24      0xa0  SchM_Can.o [1]
  .text                ro code       0xeec4    0x1864  desc.o [1]
  .text                ro code     0x1'0728     0x640  appdesc.o [1]
  .text                ro code     0x1'0d68     0xa54  tpmc.o [1]
  .text                ro code     0x1'17bc      0x10  vstdlib.o [1]
  .text                ro code     0x1'17cc      0xa6  ABImemcpy.o [4]
  .text                ro code     0x1'1872      0x3a  zero_init3.o [4]
  .text                ro code     0x1'18ac     0x5b8  CanIf.o [1]
  .text                ro code     0x1'1e64      0xa8  VsrvComManager.o [1]
  .text                ro code     0x1'1f0c       0x2  AppPwrMode.o [1]
  .mcal_config_data    const       0x1'1f0e       0x2  Can_PBcfg.o [1]
  .text                ro code     0x1'1f10      0x2a  AppSa.o [1]
  .mcal_config_data    const       0x1'1f3a       0x2  Spi_Drv_PBcfg.o [1]
  .text                ro code     0x1'1f3c      0x66  ABImemset.o [4]
  .text                ro code     0x1'1fa2      0xb6  AppUserDesc.o [1]
  .text                ro code     0x1'2058       0x4  AppErrProc.o [1]
  .text                ro code     0x1'205c      0x12  can_par.o [1]
  .mcal_config_data    const       0x1'206e       0x2  Spi_PBcfg.o [1]
  .text                ro code     0x1'2070     0x57e  il.o [1]
  .mcal_config_data    const       0x1'25ee       0x2  Spi_PBcfg.o [1]
  .text                ro code     0x1'25f0     0x21c  VsrvComCbk.o [1]
  .text                ro code     0x1'280c     0x194  NmCbdWrp.o [1]
  .text                ro code     0x1'29a0     0x1d4  DrvCan.o [1]
  .text                ro code     0x1'2b74     0x3f0  ccl.o [1]
  .text                ro code     0x1'2f64     0x160  ccl_par.o [1]
  .mcal_code           ro code     0x1'30c4      0x1a  Dio.o [1]
  .rodata              const       0x1'30de       0x2  CanNm_Cfg.o [1]
  .text                ro code     0x1'30e0      0xf8  il_par.o [1]
  .text                ro code     0x1'31d8      0x86  Nm.o [1]
  .rodata              const       0x1'325e       0x2  desc.o [1]
  .text                ro code     0x1'3260     0x960  CanNm.o [1]
  .text                ro code     0x1'3bc0     0xbb0  AppBms.o [1]
  .mcal_code           ro code     0x1'4770     0xf00  Can.o [1]
  .text                ro code     0x1'5670       0x4  DrvCan_Cfg.o [1]
  .text                ro code     0x1'5674       0xa  CanNm_Cfg.o [1]
  .mcal_code           ro code     0x1'567e      0x36  Dio_Drvw.o [1]
  .text                ro code     0x1'56b4     0x104  LegacyEcu.o [1]
  .text                ro code     0x1'57b8      0x18  Nm_Cfg.o [1]
  .text                ro code     0x1'57d0     0x14c  CddAdc.o [1]
  .text                ro code     0x1'591c      0x14  memset.o [4]
  .text                ro code     0x1'5930      0x4c  CanIf_Can.o [1]
  .mcal_code           ro code     0x1'597c      0x44  Gpio_Drv.o [1]
  .mcal_code           ro code     0x1'59c0     0x358  Adc_Drv.o [1]
  .text                ro code     0x1'5d18     0x2c0  AppMotorCtrl.o [1]
  .mcal_code           ro code     0x1'5fd8     0x834  Adc.o [1]
  .mcal_code           ro code     0x1'680c     0x3fc  Dma_Drv.o [1]
  .mcal_code           ro code     0x1'6c08      0x10  SchM_Dio.o [1]
  .mcal_code           ro code     0x1'6c18      0x30  SchM_Adc.o [1]
  .mcal_code           ro code     0x1'6c48     0x43c  Pwm.o [1]
  .text                ro code     0x1'7084     0x602  DRV8305NQ1.o [1]
  .rodata              const       0x1'7686       0x2  desc.o [1]
  .text                ro code     0x1'7688      0xd0  AppMotorDbg.o [1]
  .text                ro code     0x1'7758     0x244  AppCurrentSense.o [1]
  .text                ro code     0x1'799c      0x20  MotorClarke.o [1]
  .text                ro code     0x1'79bc     0x1e0  cos_sin32.o [3]
  .text                ro code     0x1'7b9c     0x164  MotorSvpwm.o [1]
  .text                ro code     0x1'7d00      0x24  Det.o [1]
  .mcal_code           ro code     0x1'7d24     0x24c  Tdg_Adc_Drv.o [1]
  .mcal_code           ro code     0x1'7f70      0x70  SchM_Dma.o [1]
  .text                ro code     0x1'7fe0      0x4c  Dma_Drv.o [1]
  .mcal_code           ro code     0x1'802c     0x266  Pwm_Drvw.o [1]
  .rodata              const       0x1'8292       0x2  desc.o [1]
  .mcal_code           ro code     0x1'8294     0xc3c  Spi.o [1]
  .mcal_code           ro code     0x1'8ed0    0x145c  Mcpwm_Pwm_Drv.o [1]
  .mcal_code           ro code     0x1'a32c     0xca0  Tim_Pwm_Drv.o [1]
  .mcal_code           ro code     0x1'afcc      0x70  SchM_Spi.o [1]
  .mcal_code           ro code     0x1'b03c      0xfc  Spi_Drvw.o [1]
  .mcal_code           ro code     0x1'b138     0x110  SchM_Pwm.o [1]
  .mcal_code           ro code     0x1'b248     0x710  Spi_Drv.o [1]
  .text                ro code     0x1'b958     0x978  tasks.o [1]
  .text                ro code     0x1'c2d0     0x23c  heap_4.o [1]
  .text                ro code     0x1'c50c      0x98  list.o [1]
  .text                ro code     0x1'c5a4     0x1f0  freertos_Port.o [1]
  .text                ro code     0x1'c794     0x3d4  timers.o [1]
  CODE                 ro code     0x1'cb68      0xb0  portasm.o [1]
  .text                ro code     0x1'cc18     0x62e  queue.o [1]
  .rodata              const       0x1'd246       0x2  desc.o [1]
  .mcal_code           ro code     0x1'd248     0x8a0  Scc_Drv.o [1]
  .mcal_code           ro code     0x1'dae8     0x758  Tim_Icu_Drv.o [1]
  .mcal_code           ro code     0x1'e240      0x20  SchM_Icu.o [1]
  .mcal_config_data    const       0x1'e260     0x668  Interrupt_Drv_Cfg.o [1]
  .text                ro code     0x1'e8c8     0x500  TraceAgentCore.o [1]
  .text                ro code     0x1'edc8     0x3c8  SEGGER_RTT.o [1]
  .text                ro code     0x1'f190     0x168  TraceAgentPort.o [1]
  .text                ro code     0x1'f2f8      0x18  strcpy.o [4]
  .text                ro code     0x1'f310      0x36  strlen.o [4]
  .rodata              const       0x1'f346       0x2  il_par.o [1]
  .text                ro code     0x1'f348      0x48  CddSbc.o [1]
  .mcal_code           ro code     0x1'f390      0x88  Wdg.o [1]
  .mcal_code           ro code     0x1'f418      0x3a  Wdg_Drvw.o [1]
  .rodata              const       0x1'f452       0x2  il_par.o [1]
  .mcal_code           ro code     0x1'f454     0x1bc  Wdog_Drv.o [1]
  .mcal_code           ro code     0x1'f610      0x10  SchM_Wdg.o [1]
  .rodata              const       0x1'f620     0x3ac  desc.o [1]
  .mcal_code           ro code     0x1'f9cc     0x364  Scm_Mcu_Drv.o [1]
  .rodata              const       0x1'fd30     0x360  desc.o [1]
  .mcal_code           ro code     0x2'0090     0x29c  Parcc_Drv.o [1]
  .mcal_code           ro code     0x2'032c     0x294  Port_Drv.o [1]
  .mcal_code           ro code     0x2'05c0      0x20  SchM_Port.o [1]
  .mcal_const          const       0x2'05e0     0x27c  Parcc_Drv.o [1]
  .mcal_config_data    const       0x2'085c     0x228  Port_Drv_PBcfg.o [1]
  .text                ro code     0x2'0a84     0x1d0  OsUserConfig.o [1]
  .text                ro code     0x2'0c54      0x20  CanStackTask.o [1]
  .mcal_config_data    const       0x2'0c74     0x190  Port_Drvw_PBcfg.o [1]
  .mcal_code           ro code     0x2'0e04     0x178  Pmu_Drv.o [1]
  .mcal_code           ro code     0x2'0f7c     0x168  CDD_Dma.o [1]
  .mcal_code           ro code     0x2'10e4     0x128  Srmc_Drv.o [1]
  .mcal_const          const       0x2'120c      0xd4  Parcc_Drv.o [1]
  .mcal_const          const       0x2'12e0      0xd4  Parcc_Drv.o [1]
  .mcal_code           ro code     0x2'13b4      0xce  Port_Drvw.o [1]
  .rodata              const       0x2'1482       0x2  Nm_Cfg.o [1]
  .mcal_config_data    const       0x2'1484      0xc8  Port_PBcfg.o [1]
  .rodata              const       0x2'154c      0xc8  AppBms.o [1]
  .mcal_config_data    const       0x2'1614      0xc0  Pwm_PBcfg.o [1]
  .text                ro code     0x2'16d4      0xbc  Startup.o [1]
  .text                ro code     0x2'1790      0xb0  Z20K146M_startup.o [1]
  .text                ro code     0x2'1840      0x16  main.o [1]
  .text                ro code     0x2'1856      0x42  bsp_init.o [1]
  .mcal_code           ro code     0x2'1898      0xac  Mcu.o [1]
  .mcal_code           ro code     0x2'1944      0x78  Port.o [1]
  .mcal_code           ro code     0x2'19bc      0x88  Platform.o [1]
  .mcal_code           ro code     0x2'1a44      0x60  Mcu_Drvw.o [1]
  .mcal_code           ro code     0x2'1aa4      0x38  Tmu_Drv.o [1]
  .mcal_code           ro code     0x2'1adc      0x8c  Interrupt_Drv.o [1]
  .text                ro code     0x2'1b68      0x7c  Tmu_Drv.o [1]
  .rodata              const       0x2'1be4      0xa8  desc.o [1]
  .data_init                       0x2'1c8c      0xa0  <Block>
    Initializer bytes  const       0x2'1c8c      0xa0  <for .data-1>
  .text                ro code     0x2'1d2c       0x2  Z20K146M_startup.o [1]
  .mcal_config_data    const       0x2'1d30      0x84  Parcc_Drv_PBcfg.o [1]
  .mcal_code           ro code     0x2'1db4      0x80  Can_Irq.o [1]
  .rodata              const       0x2'1e34      0x4c  desc.o [1]
  .mcal_config_data    const       0x2'1e80      0x48  Adc_PBcfg.o [1]
  .mcal_config_data    const       0x2'1ec8      0x48  Can_Drv_PBcfg.o [1]
  .mcal_config_data    const       0x2'1f10      0x48  Port_Drvw_PBcfg.o [1]
  .rodata              const       0x2'1f58      0x48  desc.o [1]
  .rodata              const       0x2'1fa0      0x48  Startup.o [1]
  .mcal_const          const       0x2'1fe8      0x40  Dma_Drv.o [1]
  .mcal_code           ro code     0x2'2028      0x3a  Interrupt_Drv_Cfg.o [1]
  .text                ro code     0x2'2062       0x2  Z20K146M_startup.o [1]
  .mcal_code           ro code     0x2'2064      0x20  Dma_Drv_Irq.o [1]
  .mcal_code           ro code     0x2'2084      0x34  Can_Drv_Irq.o [1]
  .mcal_code           ro code     0x2'20b8      0x20  Tim_Icu_Drv_Irq.o [1]
  .mcal_config_data    const       0x2'20d8      0x38  Scc_Drv_PBcfg.o [1]
  .rodata              const       0x2'2110      0x38  desc.o [1]
  .mcal_config_data    const       0x2'2148      0x30  Can_PBcfg.o [1]
  .mcal_config_data    const       0x2'2178      0x28  Adc_Drv_PBcfg.o [1]
  .mcal_config_data    const       0x2'21a0      0x28  Adc_Drv_PBcfg.o [1]
  .mcal_config_data    const       0x2'21c8      0x28  Can_PBcfg.o [1]
  .text                ro code     0x2'21f0      0x28  data_init.o [4]
  .mcal_config_data    const       0x2'2218      0x24  Spi_PBcfg.o [1]
  .mcal_config_data    const       0x2'223c      0x24  Spi_PBcfg.o [1]
  .text                ro code     0x2'2260      0x22  fpinit_M.o [3]
  .iar.init_table      const       0x2'2284      0x10  - Linker created -
  .text                ro code     0x2'2294       0x2  Z20K146M_startup.o [1]
  .mcal_config_data    const       0x2'2298      0x20  Can_PBcfg.o [1]
  .mcal_config_data    const       0x2'22b8      0x20  Spi_PBcfg.o [1]
  .rodata              const       0x2'22d8      0x20  desc.o [1]
  .rodata              const       0x2'22f8      0x20  desc.o [1]
  .mcal_data_init                  0x2'2318      0x20  <Block>
    Initializer bytes  const       0x2'2318      0x20  <for .mcal_data-1>
  .text                ro code     0x2'2338      0x1e  cmain.o [4]
  .text                ro code     0x2'2356       0x4  low_level_init.o [2]
  .text                ro code     0x2'235a       0x4  exit.o [2]
  .text                ro code     0x2'235e       0x2  Z20K146M_startup.o [1]
  .text                ro code     0x2'2360       0xa  cexit.o [4]
  .text                ro code     0x2'236a       0x2  Z20K146M_startup.o [1]
  .text                ro code     0x2'236c      0x14  exit.o [5]
  .mcal_const          const       0x2'2380      0x1c  Scm_Mcu_Drv.o [1]
  .rodata              const       0x2'239c      0x1c  can_par.o [1]
  .rodata              const       0x2'23b8      0x1c  can_par.o [1]
  .rodata              const       0x2'23d4      0x1c  can_par.o [1]
  .mcal_config_data    const       0x2'23f0      0x18  Can_PBcfg.o [1]
  .mcal_config_data    const       0x2'2408      0x18  Mcpwm_Pwm_Drv_PBcfg.o [1]
  .mcal_config_data    const       0x2'2420      0x18  Mcpwm_Pwm_Drv_PBcfg.o [1]
  .mcal_config_data    const       0x2'2438      0x18  Mcu_PBcfg.o [1]
  .mcal_config_data    const       0x2'2450      0x18  Pwm_Drvw_PBcfg.o [1]
  .mcal_config_data    const       0x2'2468      0x18  Scm_Mcu_Drv_PBcfg.o [1]
  .mcal_config_data    const       0x2'2480      0x18  Spi_PBcfg.o [1]
  .mcal_config_data    const       0x2'2498      0x18  Spi_PBcfg.o [1]
  .mcal_config_data    const       0x2'24b0      0x18  Wdg_Drvw_PBcfg.o [1]
  .mcal_const          const       0x2'24c8      0x18  Can_Drv.o [1]
  .mcal_const          const       0x2'24e0      0x18  Can_Drv.o [1]
  .rodata              const       0x2'24f8      0x18  desc.o [1]
  .mcal_config_data    const       0x2'2510      0x14  Adc_Drv_PBcfg.o [1]
  .mcal_config_data    const       0x2'2524      0x14  Adc_Drv_PBcfg.o [1]
  .mcal_config_data    const       0x2'2538      0x14  Can_PBcfg.o [1]
  .mcal_config_data    const       0x2'254c      0x14  CDD_Dma_PBcfg.o [1]
  .mcal_config_data    const       0x2'2560      0x14  CDD_Dma_PBcfg.o [1]
  .mcal_config_data    const       0x2'2574      0x14  Mcpwm_Pwm_Drv_PBcfg.o [1]
  .mcal_config_data    const       0x2'2588      0x14  Mcpwm_Pwm_Drv_PBcfg.o [1]
  .mcal_config_data    const       0x2'259c      0x14  Mcpwm_Pwm_Drv_PBcfg.o [1]
  .mcal_config_data    const       0x2'25b0      0x14  Mcpwm_Pwm_Drv_PBcfg.o [1]
  .mcal_config_data    const       0x2'25c4      0x14  Mcpwm_Pwm_Drv_PBcfg.o [1]
  .mcal_config_data    const       0x2'25d8      0x14  Mcpwm_Pwm_Drv_PBcfg.o [1]
  .mcal_config_data    const       0x2'25ec      0x14  Mcpwm_Pwm_Drv_PBcfg.o [1]
  .mcal_config_data    const       0x2'2600      0x14  Mcpwm_Pwm_Drv_PBcfg.o [1]
  .mcal_config_data    const       0x2'2614      0x14  Mcpwm_Pwm_Drv_PBcfg.o [1]
  .mcal_config_data    const       0x2'2628      0x14  Mcpwm_Pwm_Drv_PBcfg.o [1]
  .mcal_config_data    const       0x2'263c      0x14  Mcpwm_Pwm_Drv_PBcfg.o [1]
  .mcal_config_data    const       0x2'2650      0x14  Mcpwm_Pwm_Drv_PBcfg.o [1]
  .mcal_config_data    const       0x2'2664      0x14  Pmu_Drv_PBcfg.o [1]
  .mcal_config_data    const       0x2'2678      0x14  Port_Drvw_PBcfg.o [1]
  .mcal_config_data    const       0x2'268c      0x14  Spi_PBcfg.o [1]
  .mcal_config_data    const       0x2'26a0      0x14  Spi_PBcfg.o [1]
  .mcal_config_data    const       0x2'26b4      0x14  Wdog_Drv_PBcfg.o [1]
  .mcal_config_data    const       0x2'26c8      0x14  Wdog_Drv_PBcfg.o [1]
  .mcal_const          const       0x2'26dc      0x14  Gpio_Drv.o [1]
  .mcal_const          const       0x2'26f0      0x14  Port_Drv.o [1]
  .mcal_const          const       0x2'2704      0x14  Port_Drv.o [1]
  .mcal_const          const       0x2'2718      0x14  Port_Drv.o [1]
  .rodata              const       0x2'272c      0x14  CanNm_Cfg.o [1]
  .rodata              const       0x2'2740      0x14  il_par.o [1]
  .mcal_config_data    const       0x2'2754      0x10  Adc_PBcfg.o [1]
  .mcal_config_data    const       0x2'2764      0x10  Adc_PBcfg.o [1]
  .mcal_config_data    const       0x2'2774      0x10  Adc_PBcfg.o [1]
  .mcal_config_data    const       0x2'2784      0x10  Mcpwm_Pwm_Drv_PBcfg.o [1]
  .mcal_config_data    const       0x2'2794      0x10  Mcpwm_Pwm_Drv_PBcfg.o [1]
  .mcal_config_data    const       0x2'27a4      0x10  Mcpwm_Pwm_Drv_PBcfg.o [1]
  .mcal_config_data    const       0x2'27b4      0x10  Mcpwm_Pwm_Drv_PBcfg.o [1]
  .mcal_config_data    const       0x2'27c4      0x10  Mcpwm_Pwm_Drv_PBcfg.o [1]
  .mcal_config_data    const       0x2'27d4      0x10  Mcpwm_Pwm_Drv_PBcfg.o [1]
  .mcal_config_data    const       0x2'27e4      0x10  Mcu_Drvw_PBcfg.o [1]
  .mcal_config_data    const       0x2'27f4      0x10  Port_PBcfg.o [1]
  .mcal_config_data    const       0x2'2804      0x10  Pwm_PBcfg.o [1]
  .mcal_config_data    const       0x2'2814      0x10  Spi_Drvw_PBcfg.o [1]
  .mcal_config_data    const       0x2'2824      0x10  Srmc_Drv_PBcfg.o [1]
  .mcal_config_data    const       0x2'2834      0x10  Srmc_Drv_PBcfg.o [1]
  .mcal_config_data    const       0x2'2844      0x10  Tdg_Adc_Drv_PBcfg.o [1]
  .mcal_config_data    const       0x2'2854      0x10  Tdg_Adc_Drv_PBcfg.o [1]
  .mcal_const          const       0x2'2864      0x10  Spi_Drv.o [1]
  .mcal_const          const       0x2'2874      0x10  Spi_Drv.o [1]
  .mcal_const          const       0x2'2884      0x10  Tim_Icu_Drv.o [1]
  .mcal_const          const       0x2'2894      0x10  Tim_Icu_Drv.o [1]
  .mcal_const          const       0x2'28a4      0x10  Tim_Pwm_Drv.o [1]
  .mcal_const          const       0x2'28b4      0x10  Tim_Pwm_Drv.o [1]
  .rodata              const       0x2'28c4      0x10  can_par.o [1]
  .rodata              const       0x2'28d4      0x10  can_par.o [1]
  .rodata              const       0x2'28e4      0x10  can_par.o [1]
  .rodata              const       0x2'28f4      0x10  can_par.o [1]
  .rodata              const       0x2'2904      0x10  can_par.o [1]
  .mcal_config_data    const       0x2'2914       0xc  Dma_Drv_PBcfg.o [1]
  .mcal_config_data    const       0x2'2920       0xc  Dma_Drv_PBcfg.o [1]
  .mcal_config_data    const       0x2'292c       0xc  Mcpwm_Pwm_Drv_PBcfg.o [1]
  .mcal_config_data    const       0x2'2938       0xc  Mcpwm_Pwm_Drv_PBcfg.o [1]
  .mcal_config_data    const       0x2'2944       0xc  Mcpwm_Pwm_Drv_PBcfg.o [1]
  .mcal_config_data    const       0x2'2950       0xc  Mcpwm_Pwm_Drv_PBcfg.o [1]
  .mcal_config_data    const       0x2'295c       0xc  Mcpwm_Pwm_Drv_PBcfg.o [1]
  .mcal_config_data    const       0x2'2968       0xc  Mcpwm_Pwm_Drv_PBcfg.o [1]
  .mcal_config_data    const       0x2'2974       0xc  Mcu_Drvw_PBcfg.o [1]
  .mcal_config_data    const       0x2'2980       0xc  Pwm_Drvw_PBcfg.o [1]
  .mcal_config_data    const       0x2'298c       0xc  Pwm_Drvw_PBcfg.o [1]
  .mcal_config_data    const       0x2'2998       0xc  Pwm_Drvw_PBcfg.o [1]
  .mcal_config_data    const       0x2'29a4       0xc  Pwm_Drvw_PBcfg.o [1]
  .mcal_config_data    const       0x2'29b0       0xc  Pwm_Drvw_PBcfg.o [1]
  .mcal_config_data    const       0x2'29bc       0xc  Pwm_Drvw_PBcfg.o [1]
  .mcal_config_data    const       0x2'29c8       0xc  Pwm_Drvw_PBcfg.o [1]
  .mcal_config_data    const       0x2'29d4       0xc  Pwm_Drvw_PBcfg.o [1]
  .mcal_config_data    const       0x2'29e0       0xc  Pwm_Drvw_PBcfg.o [1]
  .mcal_config_data    const       0x2'29ec       0xc  Pwm_Drvw_PBcfg.o [1]
  .mcal_config_data    const       0x2'29f8       0xc  Pwm_Drvw_PBcfg.o [1]
  .mcal_config_data    const       0x2'2a04       0xc  Pwm_Drvw_PBcfg.o [1]
  .mcal_config_data    const       0x2'2a10       0xc  Spi_Drv_PBcfg.o [1]
  .mcal_config_data    const       0x2'2a1c       0xc  Spi_Drv_PBcfg.o [1]
  .mcal_config_data    const       0x2'2a28       0xc  Spi_Drvw_PBcfg.o [1]
  .mcal_config_data    const       0x2'2a34       0xc  Spi_Drvw_PBcfg.o [1]
  .mcal_config_data    const       0x2'2a40       0xc  Tdg_Adc_Drv_PBcfg.o [1]
  .mcal_config_data    const       0x2'2a4c       0xc  Tdg_Adc_Drv_PBcfg.o [1]
  .mcal_const          const       0x2'2a58       0xc  Dma_Drv.o [1]
  .mcal_const          const       0x2'2a64       0xc  Dma_Drv.o [1]
  .rodata              const       0x2'2a70       0xc  CanNm_Cfg.o [1]
  .rodata              const       0x2'2a7c       0xc  SEGGER_RTT.o [1]
  .rodata              const       0x2'2a88       0xc  TraceAgentCore.o [1]
  .rodata              const       0x2'2a94       0xc  TraceAgentCore.o [1]
  .text                ro code     0x2'2aa0       0xc  cstartup_M.o [4]
  .mcal_config_data    const       0x2'2aac       0x8  Adc_Drv_PBcfg.o [1]
  .mcal_config_data    const       0x2'2ab4       0x8  Adc_Drv_PBcfg.o [1]
  .mcal_config_data    const       0x2'2abc       0x8  Adc_PBcfg.o [1]
  .mcal_config_data    const       0x2'2ac4       0x8  Adc_PBcfg.o [1]
  .mcal_config_data    const       0x2'2acc       0x8  Adc_PBcfg.o [1]
  .mcal_config_data    const       0x2'2ad4       0x8  Can_PBcfg.o [1]
  .mcal_config_data    const       0x2'2adc       0x8  Can_PBcfg.o [1]
  .mcal_config_data    const       0x2'2ae4       0x8  Can_PBcfg.o [1]
  .mcal_config_data    const       0x2'2aec       0x8  CDD_Dma_PBcfg.o [1]
  .mcal_config_data    const       0x2'2af4       0x8  CDD_Dma_PBcfg.o [1]
  .mcal_config_data    const       0x2'2afc       0x8  Interrupt_Drv_Cfg.o [1]
  .mcal_config_data    const       0x2'2b04       0x8  Mcu_PBcfg.o [1]
  .mcal_config_data    const       0x2'2b0c       0x8  Mcu_PBcfg.o [1]
  .mcal_config_data    const       0x2'2b14       0x8  Parcc_Drv_PBcfg.o [1]
  .mcal_config_data    const       0x2'2b1c       0x8  Platform_Cfg.o [1]
  .mcal_config_data    const       0x2'2b24       0x8  Spi_Drvw_PBcfg.o [1]
  .mcal_config_data    const       0x2'2b2c       0x8  Spi_PBcfg.o [1]
  .mcal_config_data    const       0x2'2b34       0x8  Spi_PBcfg.o [1]
  .mcal_config_data    const       0x2'2b3c       0x8  Spi_PBcfg.o [1]
  .mcal_config_data    const       0x2'2b44       0x8  Tdg_Adc_Drv_PBcfg.o [1]
  .mcal_config_data    const       0x2'2b4c       0x8  Tdg_Adc_Drv_PBcfg.o [1]
  .mcal_config_data    const       0x2'2b54       0x8  Tdg_Adc_Drv_PBcfg.o [1]
  .mcal_config_data    const       0x2'2b5c       0x8  Tdg_Adc_Drv_PBcfg.o [1]
  .mcal_config_data    const       0x2'2b64       0x8  Tmu_Drv_Cfg.o [1]
  .mcal_config_data    const       0x2'2b6c       0x8  Tmu_Drv_Cfg.o [1]
  .mcal_config_data    const       0x2'2b74       0x8  Wdg_Drvw_PBcfg.o [1]
  .mcal_config_data    const       0x2'2b7c       0x8  Wdg_Drvw_PBcfg.o [1]
  .mcal_const          const       0x2'2b84       0x8  Adc_Drv.o [1]
  .mcal_const          const       0x2'2b8c       0x8  Adc_Drv.o [1]
  .mcal_const          const       0x2'2b94       0x8  Mcpwm_Pwm_Drv.o [1]
  .mcal_const          const       0x2'2b9c       0x8  Mcpwm_Pwm_Drv.o [1]
  .mcal_const          const       0x2'2ba4       0x8  Parcc_Drv.o [1]
  .mcal_const          const       0x2'2bac       0x8  Parcc_Drv.o [1]
  .mcal_const          const       0x2'2bb4       0x8  Parcc_Drv.o [1]
  .mcal_const          const       0x2'2bbc       0x8  Parcc_Drv.o [1]
  .mcal_const          const       0x2'2bc4       0x8  Parcc_Drv.o [1]
  .mcal_const          const       0x2'2bcc       0x8  Parcc_Drv.o [1]
  .mcal_const          const       0x2'2bd4       0x8  Parcc_Drv.o [1]
  .mcal_const          const       0x2'2bdc       0x8  Parcc_Drv.o [1]
  .mcal_const          const       0x2'2be4       0x8  Parcc_Drv.o [1]
  .mcal_const          const       0x2'2bec       0x8  Parcc_Drv.o [1]
  .mcal_const          const       0x2'2bf4       0x8  Parcc_Drv.o [1]
  .mcal_const          const       0x2'2bfc       0x8  Parcc_Drv.o [1]
  .mcal_const          const       0x2'2c04       0x8  Pmu_Drv.o [1]
  .mcal_const          const       0x2'2c0c       0x8  Tdg_Adc_Drv.o [1]
  .mcal_const          const       0x2'2c14       0x8  Tdg_Adc_Drv.o [1]
  .rodata              const       0x2'2c1c       0x8  AppCurrentSense.o [1]
  .rodata              const       0x2'2c24       0x8  can_par.o [1]
  .rodata              const       0x2'2c2c       0x8  can_par.o [1]
  .rodata              const       0x2'2c34       0x8  can_par.o [1]
  .rodata              const       0x2'2c3c       0x8  CanNm_Cfg.o [1]
  .rodata              const       0x2'2c44       0x8  CddAdc.o [1]
  .rodata              const       0x2'2c4c       0x8  CddAdc.o [1]
  .rodata              const       0x2'2c54       0x8  desc.o [1]
  .rodata              const       0x2'2c5c       0x8  desc.o [1]
  .rodata              const       0x2'2c64       0x8  il_par.o [1]
  .rodata              const       0x2'2c6c       0x8  il_par.o [1]
  .rodata              const       0x2'2c74       0x8  il_par.o [1]
  .rodata              const       0x2'2c7c       0x8  MotorSvpwm.o [1]
  .rodata              const       0x2'2c84       0x8  OsUserConfig.o [1]
  .rodata              const       0x2'2c8c       0x8  OsUserConfig.o [1]
  .rodata              const       0x2'2c94       0x8  OsUserConfig.o [1]
  .rodata              const       0x2'2c9c       0x8  OsUserConfig.o [1]
  .rodata              const       0x2'2ca4       0x8  OsUserConfig.o [1]
  .rodata              const       0x2'2cac       0x8  OsUserConfig.o [1]
  .rodata              const       0x2'2cb4       0x8  SEGGER_RTT.o [1]
  .rodata              const       0x2'2cbc       0x8  tasks.o [1]
  .rodata              const       0x2'2cc4       0x8  timers.o [1]
  .rodata              const       0x2'2ccc       0x8  timers.o [1]
  .rodata              const       0x2'2cd4       0x8  TraceAgentCore.o [1]
  .text                ro code     0x2'2cdc       0x8  Z20K146M_startup.o [1]
  .text                ro code     0x2'2ce4       0x8  Z20K146M_startup.o [1]
  .text                ro code     0x2'2cec       0x8  Z20K146M_startup.o [1]
  .text                ro code     0x2'2cf4       0x8  Z20K146M_startup.o [1]
  .text                ro code     0x2'2cfc       0x8  Z20K146M_startup.o [1]
  .text                ro code     0x2'2d04       0x8  Z20K146M_startup.o [1]
  .text                ro code     0x2'2d0c       0x8  Z20K146M_startup.o [1]
  .text                ro code     0x2'2d14       0x8  Z20K146M_startup.o [1]
  .text                ro code     0x2'2d1c       0x8  Z20K146M_startup.o [1]
  .text                ro code     0x2'2d24       0x8  Z20K146M_startup.o [1]
  .text                ro code     0x2'2d2c       0x8  Z20K146M_startup.o [1]
  .text                ro code     0x2'2d34       0x8  Z20K146M_startup.o [1]
  .text                ro code     0x2'2d3c       0x8  Z20K146M_startup.o [1]
  .text                ro code     0x2'2d44       0x8  Z20K146M_startup.o [1]
  .text                ro code     0x2'2d4c       0x8  Z20K146M_startup.o [1]
  .text                ro code     0x2'2d54       0x8  Z20K146M_startup.o [1]
  .text                ro code     0x2'2d5c       0x8  Z20K146M_startup.o [1]
  .text                ro code     0x2'2d64       0x8  Z20K146M_startup.o [1]
  .text                ro code     0x2'2d6c       0x8  Z20K146M_startup.o [1]
  .text                ro code     0x2'2d74       0x8  Z20K146M_startup.o [1]
  .text                ro code     0x2'2d7c       0x8  Z20K146M_startup.o [1]
  .text                ro code     0x2'2d84       0x8  Z20K146M_startup.o [1]
  .text                ro code     0x2'2d8c       0x8  Z20K146M_startup.o [1]
  .text                ro code     0x2'2d94       0x8  Z20K146M_startup.o [1]
  .text                ro code     0x2'2d9c       0x8  Z20K146M_startup.o [1]
  .text                ro code     0x2'2da4       0x8  Z20K146M_startup.o [1]
  .text                ro code     0x2'2dac       0x8  Z20K146M_startup.o [1]
  .text                ro code     0x2'2db4       0x8  Z20K146M_startup.o [1]
  .text                ro code     0x2'2dbc       0x8  Z20K146M_startup.o [1]
  .text                ro code     0x2'2dc4       0x8  Z20K146M_startup.o [1]
  .text                ro code     0x2'2dcc       0x8  Z20K146M_startup.o [1]
  .text                ro code     0x2'2dd4       0x8  Z20K146M_startup.o [1]
  .text                ro code     0x2'2ddc       0x8  Z20K146M_startup.o [1]
  .text                ro code     0x2'2de4       0x8  Z20K146M_startup.o [1]
  .text                ro code     0x2'2dec       0x8  Z20K146M_startup.o [1]
  .text                ro code     0x2'2df4       0x8  Z20K146M_startup.o [1]
  .text                ro code     0x2'2dfc       0x8  Z20K146M_startup.o [1]
  .text                ro code     0x2'2e04       0x8  Z20K146M_startup.o [1]
  .text                ro code     0x2'2e0c       0x8  Z20K146M_startup.o [1]
  .text                ro code     0x2'2e14       0x8  Z20K146M_startup.o [1]
  .text                ro code     0x2'2e1c       0x8  Z20K146M_startup.o [1]
  .text                ro code     0x2'2e24       0x8  Z20K146M_startup.o [1]
  .text                ro code     0x2'2e2c       0x8  Z20K146M_startup.o [1]
  .text                ro code     0x2'2e34       0x8  Z20K146M_startup.o [1]
  .text                ro code     0x2'2e3c       0x8  Z20K146M_startup.o [1]
  .text                ro code     0x2'2e44       0x8  Z20K146M_startup.o [1]
  .text                ro code     0x2'2e4c       0x8  Z20K146M_startup.o [1]
  .text                ro code     0x2'2e54       0x8  Z20K146M_startup.o [1]
  .text                ro code     0x2'2e5c       0x8  Z20K146M_startup.o [1]
  .text                ro code     0x2'2e64       0x8  Z20K146M_startup.o [1]
  .text                ro code     0x2'2e6c       0x8  Z20K146M_startup.o [1]
  .text                ro code     0x2'2e74       0x8  Z20K146M_startup.o [1]
  .text                ro code     0x2'2e7c       0x8  Z20K146M_startup.o [1]
  .text                ro code     0x2'2e84       0x8  Z20K146M_startup.o [1]
  .text                ro code     0x2'2e8c       0x8  Z20K146M_startup.o [1]
  .text                ro code     0x2'2e94       0x8  Z20K146M_startup.o [1]
  .text                ro code     0x2'2e9c       0x8  Z20K146M_startup.o [1]
  .text                ro code     0x2'2ea4       0x8  Z20K146M_startup.o [1]
  .text                ro code     0x2'2eac       0x8  Z20K146M_startup.o [1]
  .text                ro code     0x2'2eb4       0x8  Z20K146M_startup.o [1]
  .text                ro code     0x2'2ebc       0x8  Z20K146M_startup.o [1]
  .text                ro code     0x2'2ec4       0x8  Z20K146M_startup.o [1]
  .text                ro code     0x2'2ecc       0x8  Z20K146M_startup.o [1]
  .text                ro code     0x2'2ed4       0x8  Z20K146M_startup.o [1]
  .text                ro code     0x2'2edc       0x8  Z20K146M_startup.o [1]
  .text                ro code     0x2'2ee4       0x8  Z20K146M_startup.o [1]
  .text                ro code     0x2'2eec       0x8  Z20K146M_startup.o [1]
  .text                ro code     0x2'2ef4       0x8  Z20K146M_startup.o [1]
  .text                ro code     0x2'2efc       0x8  Z20K146M_startup.o [1]
  .text                ro code     0x2'2f04       0x8  Z20K146M_startup.o [1]
  .text                ro code     0x2'2f0c       0x8  Z20K146M_startup.o [1]
  .text                ro code     0x2'2f14       0x8  Z20K146M_startup.o [1]
  .text                ro code     0x2'2f1c       0x8  Z20K146M_startup.o [1]
  .text                ro code     0x2'2f24       0x8  Z20K146M_startup.o [1]
  .text                ro code     0x2'2f2c       0x8  Z20K146M_startup.o [1]
  .text                ro code     0x2'2f34       0x8  Z20K146M_startup.o [1]
  .text                ro code     0x2'2f3c       0x8  Z20K146M_startup.o [1]
  .text                ro code     0x2'2f44       0x8  Z20K146M_startup.o [1]
  .text                ro code     0x2'2f4c       0x8  Z20K146M_startup.o [1]
  .text                ro code     0x2'2f54       0x8  Z20K146M_startup.o [1]
  .text                ro code     0x2'2f5c       0x8  Z20K146M_startup.o [1]
  .text                ro code     0x2'2f64       0x8  Z20K146M_startup.o [1]
  .text                ro code     0x2'2f6c       0x8  Z20K146M_startup.o [1]
  .text                ro code     0x2'2f74       0x8  Z20K146M_startup.o [1]
  .text                ro code     0x2'2f7c       0x8  Z20K146M_startup.o [1]
  .text                ro code     0x2'2f84       0x8  Z20K146M_startup.o [1]
  .text                ro code     0x2'2f8c       0x8  Z20K146M_startup.o [1]
  .text                ro code     0x2'2f94       0x8  Z20K146M_startup.o [1]
  .text                ro code     0x2'2f9c       0x8  Z20K146M_startup.o [1]
  .text                ro code     0x2'2fa4       0x8  Z20K146M_startup.o [1]
  .text                ro code     0x2'2fac       0x8  Z20K146M_startup.o [1]
  .text                ro code     0x2'2fb4       0x8  Z20K146M_startup.o [1]
  .text                ro code     0x2'2fbc       0x8  Z20K146M_startup.o [1]
  .text                ro code     0x2'2fc4       0x8  Z20K146M_startup.o [1]
  .text                ro code     0x2'2fcc       0x8  Z20K146M_startup.o [1]
  .text                ro code     0x2'2fd4       0x8  Z20K146M_startup.o [1]
  .text                ro code     0x2'2fdc       0x8  Z20K146M_startup.o [1]
  .text                ro code     0x2'2fe4       0x8  Z20K146M_startup.o [1]
  .text                ro code     0x2'2fec       0x8  Z20K146M_startup.o [1]
  .text                ro code     0x2'2ff4       0x8  Z20K146M_startup.o [1]
  .text                ro code     0x2'2ffc       0x8  Z20K146M_startup.o [1]
  .text                ro code     0x2'3004       0x8  Z20K146M_startup.o [1]
  .text                ro code     0x2'300c       0x8  Z20K146M_startup.o [1]
  .text                ro code     0x2'3014       0x8  Z20K146M_startup.o [1]
  .text                ro code     0x2'301c       0x8  Z20K146M_startup.o [1]
  .text                ro code     0x2'3024       0x8  Z20K146M_startup.o [1]
  .text                ro code     0x2'302c       0x8  Z20K146M_startup.o [1]
  .text                ro code     0x2'3034       0x8  Z20K146M_startup.o [1]
  .text                ro code     0x2'303c       0x8  Z20K146M_startup.o [1]
  .text                ro code     0x2'3044       0x8  Z20K146M_startup.o [1]
  .text                ro code     0x2'304c       0x8  Z20K146M_startup.o [1]
  .text                ro code     0x2'3054       0x8  Z20K146M_startup.o [1]
  .text                ro code     0x2'305c       0x8  Z20K146M_startup.o [1]
  .text                ro code     0x2'3064       0x8  Z20K146M_startup.o [1]
  .text                ro code     0x2'306c       0x8  Z20K146M_startup.o [1]
  .text                ro code     0x2'3074       0x8  Z20K146M_startup.o [1]
  .text                ro code     0x2'307c       0x8  Z20K146M_startup.o [1]
  .text                ro code     0x2'3084       0x8  Z20K146M_startup.o [1]
  .text                ro code     0x2'308c       0x8  Z20K146M_startup.o [1]
  .text                ro code     0x2'3094       0x8  Z20K146M_startup.o [1]
  .text                ro code     0x2'309c       0x8  Z20K146M_startup.o [1]
  .text                ro code     0x2'30a4       0x8  Z20K146M_startup.o [1]
  .text                ro code     0x2'30ac       0x8  Z20K146M_startup.o [1]
  .text                ro code     0x2'30b4       0x8  Z20K146M_startup.o [1]
  .text                ro code     0x2'30bc       0x8  Z20K146M_startup.o [1]
  .text                ro code     0x2'30c4       0x8  Z20K146M_startup.o [1]
  .text                ro code     0x2'30cc       0x8  Z20K146M_startup.o [1]
  .text                ro code     0x2'30d4       0x8  Z20K146M_startup.o [1]
  .text                ro code     0x2'30dc       0x8  Z20K146M_startup.o [1]
  .text                ro code     0x2'30e4       0x8  Z20K146M_startup.o [1]
  .text                ro code     0x2'30ec       0x8  Z20K146M_startup.o [1]
  .text                ro code     0x2'30f4       0x8  Z20K146M_startup.o [1]
  .text                ro code     0x2'30fc       0x8  Z20K146M_startup.o [1]
  .text                ro code     0x2'3104       0x8  Z20K146M_startup.o [1]
  .text                ro code     0x2'310c       0x8  Z20K146M_startup.o [1]
  .text                ro code     0x2'3114       0x8  Z20K146M_startup.o [1]
  .text                ro code     0x2'311c       0x8  Z20K146M_startup.o [1]
  .text                ro code     0x2'3124       0x8  Z20K146M_startup.o [1]
  .text                ro code     0x2'312c       0x8  Z20K146M_startup.o [1]
  .text                ro code     0x2'3134       0x8  Z20K146M_startup.o [1]
  .text                ro code     0x2'313c       0x8  Z20K146M_startup.o [1]
  .text                ro code     0x2'3144       0x8  Z20K146M_startup.o [1]
  .text                ro code     0x2'314c       0x8  Z20K146M_startup.o [1]
  .text                ro code     0x2'3154       0x8  Z20K146M_startup.o [1]
  .text                ro code     0x2'315c       0x8  Z20K146M_startup.o [1]
  .text                ro code     0x2'3164       0x8  Z20K146M_startup.o [1]
  .text                ro code     0x2'316c       0x8  Z20K146M_startup.o [1]
  .text                ro code     0x2'3174       0x8  Z20K146M_startup.o [1]
  .text                ro code     0x2'317c       0x8  Z20K146M_startup.o [1]
  .text                ro code     0x2'3184       0x8  Z20K146M_startup.o [1]
  .text                ro code     0x2'318c       0x8  Z20K146M_startup.o [1]
  .text                ro code     0x2'3194       0x8  Z20K146M_startup.o [1]
  .text                ro code     0x2'319c       0x8  Z20K146M_startup.o [1]
  .text                ro code     0x2'31a4       0x8  Z20K146M_startup.o [1]
  .text                ro code     0x2'31ac       0x8  Z20K146M_startup.o [1]
  .text                ro code     0x2'31b4       0x8  Z20K146M_startup.o [1]
  .text                ro code     0x2'31bc       0x8  Z20K146M_startup.o [1]
  .text                ro code     0x2'31c4       0x8  Z20K146M_startup.o [1]
  .text                ro code     0x2'31cc       0x8  Z20K146M_startup.o [1]
  .text                ro code     0x2'31d4       0x8  Z20K146M_startup.o [1]
  .text                ro code     0x2'31dc       0x8  Z20K146M_startup.o [1]
  .text                ro code     0x2'31e4       0x8  Z20K146M_startup.o [1]
  .text                ro code     0x2'31ec       0x8  Z20K146M_startup.o [1]
  .text                ro code     0x2'31f4       0x8  Z20K146M_startup.o [1]
  .text                ro code     0x2'31fc       0x8  Z20K146M_startup.o [1]
  .text                ro code     0x2'3204       0x8  Z20K146M_startup.o [1]
  .text                ro code     0x2'320c       0x8  Z20K146M_startup.o [1]
  .text                ro code     0x2'3214       0x8  Z20K146M_startup.o [1]
  .text                ro code     0x2'321c       0x8  Z20K146M_startup.o [1]
  .text                ro code     0x2'3224       0x8  Z20K146M_startup.o [1]
  .text                ro code     0x2'322c       0x8  Z20K146M_startup.o [1]
  .text                ro code     0x2'3234       0x8  Z20K146M_startup.o [1]
  .text                ro code     0x2'323c       0x8  Z20K146M_startup.o [1]
  .mcal_config_data    const       0x2'3244       0x4  Adc_PBcfg.o [1]
  .mcal_config_data    const       0x2'3248       0x4  Can_PBcfg.o [1]
  .mcal_config_data    const       0x2'324c       0x4  Can_PBcfg.o [1]
  .mcal_config_data    const       0x2'3250       0x4  Can_PBcfg.o [1]
  .mcal_config_data    const       0x2'3254       0x4  CDD_Dma_PBcfg.o [1]
  .mcal_config_data    const       0x2'3258       0x4  Dma_Drv_PBcfg.o [1]
  .mcal_config_data    const       0x2'325c       0x4  Dma_Drv_PBcfg.o [1]
  .mcal_config_data    const       0x2'3260       0x4  Mcpwm_Pwm_Drv_PBcfg.o [1]
  .mcal_config_data    const       0x2'3264       0x4  Mcpwm_Pwm_Drv_PBcfg.o [1]
  .mcal_config_data    const       0x2'3268       0x4  Mcpwm_Pwm_Drv_PBcfg.o [1]
  .mcal_config_data    const       0x2'326c       0x4  Mcpwm_Pwm_Drv_PBcfg.o [1]
  .mcal_config_data    const       0x2'3270       0x4  Mcpwm_Pwm_Drv_PBcfg.o [1]
  .mcal_config_data    const       0x2'3274       0x4  Mcpwm_Pwm_Drv_PBcfg.o [1]
  .mcal_config_data    const       0x2'3278       0x4  Mcu_PBcfg.o [1]
  .mcal_config_data    const       0x2'327c       0x4  Port_Drvw_PBcfg.o [1]
  .mcal_config_data    const       0x2'3280       0x4  Port_PBcfg.o [1]
  .mcal_config_data    const       0x2'3284       0x4  Pwm_PBcfg.o [1]
  .mcal_config_data    const       0x2'3288       0x4  Scm_Mcu_Drv_PBcfg.o [1]
  .mcal_config_data    const       0x2'328c       0x4  Spi_Drvw_PBcfg.o [1]
  .mcal_config_data    const       0x2'3290       0x4  Spi_PBcfg.o [1]
  .mcal_config_data    const       0x2'3294       0x4  Wdg_PBcfg.o [1]
  .mcal_config_data    const       0x2'3298       0x4  Wdg_PBcfg.o [1]
  .mcal_const          const       0x2'329c       0x4  Can.o [1]
  .mcal_const          const       0x2'32a0       0x4  Dma_Drv.o [1]
  .mcal_const          const       0x2'32a4       0x4  Dma_Drv.o [1]
  .mcal_const          const       0x2'32a8       0x4  Dma_Drv.o [1]
  .mcal_const          const       0x2'32ac       0x4  Parcc_Drv.o [1]
  .mcal_const          const       0x2'32b0       0x4  Pmu_Drv.o [1]
  .mcal_const          const       0x2'32b4       0x4  Pmu_Drv.o [1]
  .mcal_const          const       0x2'32b8       0x4  Scc_Drv.o [1]
  .mcal_const          const       0x2'32bc       0x4  Scc_Drv.o [1]
  .mcal_const          const       0x2'32c0       0x4  Scc_Drv.o [1]
  .mcal_const          const       0x2'32c4       0x4  Scc_Drv.o [1]
  .mcal_const          const       0x2'32c8       0x4  Scc_Drv.o [1]
  .mcal_const          const       0x2'32cc       0x4  Scc_Drv.o [1]
  .mcal_const          const       0x2'32d0       0x4  Scc_Drv.o [1]
  .mcal_const          const       0x2'32d4       0x4  Scm_Mcu_Drv.o [1]
  .mcal_const          const       0x2'32d8       0x4  Scm_Mcu_Drv.o [1]
  .mcal_const          const       0x2'32dc       0x4  Scm_Mcu_Drv.o [1]
  .mcal_const          const       0x2'32e0       0x4  Srmc_Drv.o [1]
  .mcal_const          const       0x2'32e4       0x4  Srmc_Drv.o [1]
  .mcal_const          const       0x2'32e8       0x4  Tmu_Drv.o [1]
  .mcal_const          const       0x2'32ec       0x4  Tmu_Drv.o [1]
  .mcal_const          const       0x2'32f0       0x4  Wdog_Drv.o [1]
  .mcal_const          const       0x2'32f4       0x4  Wdog_Drv.o [1]
  .rodata              const       0x2'32f8       0x4  can_par.o [1]
  .rodata              const       0x2'32fc       0x4  can_par.o [1]
  .rodata              const       0x2'3300       0x4  can_par.o [1]
  .rodata              const       0x2'3304       0x4  can_par.o [1]
  .rodata              const       0x2'3308       0x4  desc.o [1]
  .rodata              const       0x2'330c       0x4  desc.o [1]
  .rodata              const       0x2'3310       0x4  freertos_Port.o [1]
  .rodata              const       0x2'3314       0x4  heap_4.o [1]
  .rodata              const       0x2'3318       0x4  il_par.o [1]
  .rodata              const       0x2'331c       0x4  il_par.o [1]
  .rodata              const       0x2'3320       0x4  il_par.o [1]
  .text                ro code     0x2'3324       0x4  Z20K146M_startup.o [1]
  .text                ro code     0x2'3328       0x2  Z20K146M_startup.o [1]
  .mcal_config_data    const       0x2'332a       0x1  Port_PBcfg.o [1]
  .mcal_config_data    const       0x2'332b       0x1  Spi_PBcfg.o [1]
  .mcal_config_data    const       0x2'332c       0x1  Spi_PBcfg.o [1]
  .mcal_const          const       0x2'332d       0x1  Parcc_Drv.o [1]
  .mcal_const          const       0x2'332e       0x1  Parcc_Drv.o [1]
  .mcal_const          const       0x2'332f       0x1  Parcc_Drv.o [1]
  .mcal_const          const       0x2'3330       0x1  Parcc_Drv.o [1]
  .mcal_const          const       0x2'3331       0x1  Parcc_Drv.o [1]
  .mcal_const          const       0x2'3332       0x1  Parcc_Drv.o [1]
  .mcal_const          const       0x2'3333       0x1  Parcc_Drv.o [1]
  .mcal_const          const       0x2'3334       0x1  Parcc_Drv.o [1]
  .mcal_const          const       0x2'3335       0x1  Parcc_Drv.o [1]
  .mcal_const          const       0x2'3336       0x1  Parcc_Drv.o [1]
  .mcal_const          const       0x2'3337       0x1  Parcc_Drv.o [1]
  .rodata              const       0x2'3338       0x1  CanNm_Cfg.o [1]
  .rodata              const       0x2'3339       0x1  ccl_par.o [1]
  .rodata              const       0x2'333a       0x1  ccl_par.o [1]
  .rodata              const       0x2'333b       0x1  ccl_par.o [1]
  .rodata              const       0x2'333c       0x1  ccl_par.o [1]
  .rodata              const       0x2'333d       0x1  ccl_par.o [1]
  .rodata              const       0x2'333e       0x0  zero_init3.o [4]
                                 - 0x2'333e  0x1'6a3e

"P10-P11|P19", part 1 of 3:                      0xc0
  .data                         0x2000'0800      0xa0  <Block>
    .data-1                     0x2000'0800      0x9e  <Init block>
      .data            inited   0x2000'0800       0x4  AppCurrentSense.o [1]
      .data            inited   0x2000'0804       0x4  AppCurrentSense.o [1]
      .data            inited   0x2000'0808       0x4  AppSa.o [1]
      .data            inited   0x2000'080c      0x80  CanIf.o [1]
      .data            inited   0x2000'088c      0x10  CanIf.o [1]
      .data            inited   0x2000'089c       0x1  VsrvComCbk.o [1]
      .data            inited   0x2000'089d       0x1  VsrvComCbk.o [1]
  .mcal_data                    0x2000'08a0      0x20  <Block>
    .mcal_data-1                0x2000'08a0      0x20  <Init block>
      .mcal_data       inited   0x2000'08a0       0x4  Dma_Drv_PBcfg.o [1]
      .mcal_data       inited   0x2000'08a4       0x4  Dma_Drv_PBcfg.o [1]
      .mcal_data       inited   0x2000'08a8       0x4  Pwm.o [1]
      .mcal_data       inited   0x2000'08ac       0x8  Spi_PBcfg.o [1]
      .mcal_data       inited   0x2000'08b4       0x8  Spi_PBcfg.o [1]
      .mcal_data       inited   0x2000'08bc       0x2  Dma_Drv_PBcfg.o [1]
      .mcal_data       inited   0x2000'08be       0x2  Dma_Drv_PBcfg.o [1]
                              - 0x2000'08c0      0xc0

"P10-P11|P19", part 2 of 3:                    0x12d0
  .mcal_bss            zero     0x2000'08c0     0x780  Tim_Icu_Drv.o [1]
  .mcal_bss            zero     0x2000'1040     0x410  Can.o [1]
  .mcal_bss            zero     0x2000'1450      0xb0  Spi_Drv.o [1]
  .mcal_bss            zero     0x2000'1500      0x80  Can.o [1]
  .mcal_bss            zero     0x2000'1580      0x80  Tim_Pwm_Drv.o [1]
  .mcal_bss            zero     0x2000'1600      0x80  Tim_Pwm_Drv.o [1]
  .mcal_bss            zero     0x2000'1680      0x60  Can_Drv.o [1]
  .mcal_bss            zero     0x2000'16e0      0x40  Can.o [1]
  .mcal_bss            zero     0x2000'1720      0x40  Mcpwm_Pwm_Drv.o [1]
  .mcal_bss            zero     0x2000'1760      0x40  Mcpwm_Pwm_Drv.o [1]
  .mcal_bss            zero     0x2000'17a0      0x40  Tim_Pwm_Drv.o [1]
  .mcal_bss            zero     0x2000'17e0      0x20  Adc.o [1]
  .mcal_bss            zero     0x2000'1800      0x20  Mcpwm_Pwm_Drv.o [1]
  .mcal_bss            zero     0x2000'1820      0x20  Mcpwm_Pwm_Drv.o [1]
  .mcal_bss            zero     0x2000'1840      0x20  Spi.o [1]
  .mcal_bss            zero     0x2000'1860      0x20  Tim_Pwm_Drv.o [1]
  .mcal_bss            zero     0x2000'1880      0x20  Tim_Pwm_Drv.o [1]
  .mcal_bss            zero     0x2000'18a0      0x20  Tim_Pwm_Drv.o [1]
  .mcal_bss            zero     0x2000'18c0      0x20  Tim_Pwm_Drv.o [1]
  .mcal_bss            zero     0x2000'18e0      0x20  Tim_Pwm_Drv.o [1]
  .mcal_bss            zero     0x2000'1900      0x20  Tim_Pwm_Drv.o [1]
  .mcal_bss            zero     0x2000'1920      0x18  Adc_Drv.o [1]
  .mcal_bss            zero     0x2000'1938      0x18  Can_Drv.o [1]
  .mcal_bss            zero     0x2000'1950      0x18  Spi.o [1]
  .mcal_bss            zero     0x2000'1968      0x18  Spi.o [1]
  .mcal_bss            zero     0x2000'1980      0x18  Tdg_Adc_Drv.o [1]
  .mcal_bss            zero     0x2000'1998      0x18  Tim_Icu_Drv.o [1]
  .mcal_bss            zero     0x2000'19b0      0x10  CDD_Dma.o [1]
  .mcal_bss            zero     0x2000'19c0      0x10  Dma_Drv.o [1]
  .mcal_bss            zero     0x2000'19d0      0x10  Mcpwm_Pwm_Drv.o [1]
  .mcal_bss            zero     0x2000'19e0      0x10  Mcpwm_Pwm_Drv.o [1]
  .mcal_bss            zero     0x2000'19f0      0x10  Mcpwm_Pwm_Drv.o [1]
  .mcal_bss            zero     0x2000'1a00      0x10  Mcpwm_Pwm_Drv.o [1]
  .mcal_bss            zero     0x2000'1a10      0x10  Mcpwm_Pwm_Drv.o [1]
  .mcal_bss            zero     0x2000'1a20      0x10  Mcpwm_Pwm_Drv.o [1]
  .mcal_bss            zero     0x2000'1a30      0x10  Mcpwm_Pwm_Drv.o [1]
  .mcal_bss            zero     0x2000'1a40      0x10  Mcpwm_Pwm_Drv.o [1]
  .mcal_bss            zero     0x2000'1a50      0x10  Mcpwm_Pwm_Drv.o [1]
  .mcal_bss            zero     0x2000'1a60      0x10  Mcpwm_Pwm_Drv.o [1]
  .mcal_bss            zero     0x2000'1a70      0x10  Spi_Drv.o [1]
  .mcal_bss            zero     0x2000'1a80      0x10  Spi_Drv.o [1]
  .mcal_bss            zero     0x2000'1a90       0xc  Adc.o [1]
  .mcal_bss            zero     0x2000'1a9c       0xc  Adc.o [1]
  .mcal_bss            zero     0x2000'1aa8       0xc  Adc.o [1]
  .mcal_bss            zero     0x2000'1ab4       0xc  Adc.o [1]
  .mcal_bss            zero     0x2000'1ac0       0xc  Adc.o [1]
  .mcal_bss            zero     0x2000'1acc       0x8  Adc.o [1]
  .mcal_bss            zero     0x2000'1ad4       0x8  Adc_Drv.o [1]
  .mcal_bss            zero     0x2000'1adc       0x8  Adc_Drv.o [1]
  .mcal_bss            zero     0x2000'1ae4       0x8  Adc_PBcfg.o [1]
  .mcal_bss            zero     0x2000'1aec       0x8  Can.o [1]
  .mcal_bss            zero     0x2000'1af4       0x8  Spi.o [1]
  .mcal_bss            zero     0x2000'1afc       0x8  Spi.o [1]
  .mcal_bss            zero     0x2000'1b04       0x8  Tdg_Adc_Drv.o [1]
  .mcal_bss            zero     0x2000'1b0c       0x8  Tim_Pwm_Drv.o [1]
  .mcal_bss            zero     0x2000'1b14       0x4  Adc.o [1]
  .mcal_bss            zero     0x2000'1b18       0x4  Adc.o [1]
  .mcal_bss            zero     0x2000'1b1c       0x4  Can.o [1]
  .mcal_bss            zero     0x2000'1b20       0x4  Can.o [1]
  .mcal_bss            zero     0x2000'1b24       0x4  Can.o [1]
  .mcal_bss            zero     0x2000'1b28       0x4  CDD_Dma.o [1]
  .mcal_bss            zero     0x2000'1b2c       0x4  Dma_Drv.o [1]
  .mcal_bss            zero     0x2000'1b30       0x4  Dma_Drv.o [1]
  .mcal_bss            zero     0x2000'1b34       0x4  McalLib.o [1]
  .mcal_bss            zero     0x2000'1b38       0x4  Mcu.o [1]
  .mcal_bss            zero     0x2000'1b3c       0x4  Mcu.o [1]
  .mcal_bss            zero     0x2000'1b40       0x4  Pmu_Drv.o [1]
  .mcal_bss            zero     0x2000'1b44       0x4  Pmu_Drv.o [1]
  .mcal_bss            zero     0x2000'1b48       0x4  Port.o [1]
  .mcal_bss            zero     0x2000'1b4c       0x4  Pwm.o [1]
  .mcal_bss            zero     0x2000'1b50       0x4  Scc_Drv.o [1]
  .mcal_bss            zero     0x2000'1b54       0x4  Scc_Drv.o [1]
  .mcal_bss            zero     0x2000'1b58       0x4  Scc_Drv.o [1]
  .mcal_bss            zero     0x2000'1b5c       0x4  Spi.o [1]
  .mcal_bss            zero     0x2000'1b60       0x4  Spi.o [1]
  .mcal_bss            zero     0x2000'1b64       0x4  Spi_Drvw.o [1]
  .mcal_bss            zero     0x2000'1b68       0x4  Tim_Pwm_Drv.o [1]
  .mcal_bss            zero     0x2000'1b6c       0x4  Tim_Pwm_Drv.o [1]
  .mcal_bss            zero     0x2000'1b70       0x4  Wdg.o [1]
  .mcal_bss            zero     0x2000'1b74       0x4  Wdog_Drv.o [1]
  .mcal_bss            zero     0x2000'1b78       0x2  Adc.o [1]
  .mcal_bss            zero     0x2000'1b7a       0x2  Can.o [1]
  .mcal_bss            zero     0x2000'1b7c       0x2  Mcpwm_Pwm_Drv.o [1]
  .mcal_bss            zero     0x2000'1b7e       0x2  Mcpwm_Pwm_Drv.o [1]
  .mcal_bss            zero     0x2000'1b80       0x2  Spi_PBcfg.o [1]
  .mcal_bss            zero     0x2000'1b82       0x2  Spi_PBcfg.o [1]
  .mcal_bss            zero     0x2000'1b84       0x2  Spi_PBcfg.o [1]
  .mcal_bss            zero     0x2000'1b86       0x2  Spi_PBcfg.o [1]
  .mcal_bss            zero     0x2000'1b88       0x1  Can.o [1]
  .mcal_bss            zero     0x2000'1b89       0x1  Can.o [1]
  .mcal_bss            zero     0x2000'1b8a       0x1  Can.o [1]
  .mcal_bss            zero     0x2000'1b8b       0x1  Mcu.o [1]
  .mcal_bss            zero     0x2000'1b8c       0x1  Mcu.o [1]
  .mcal_bss            zero     0x2000'1b8d       0x1  Spi_Drvw.o [1]
                              - 0x2000'1b8e    0x12ce

"P10-P11|P19", part 3 of 3:                    0x50d8
  .bss                 uninit   0x2000'1b90    0x4000  heap_4.o [1]
  .bss                 uninit   0x2000'5b90     0x400  SEGGER_RTT.o [1]
  .bss                 uninit   0x2000'5f90     0x400  TraceAgentCore.o [1]
  .bss                 uninit   0x2000'6390     0x1f4  desc.o [1]
  .bss                 uninit   0x2000'6584      0xa8  SEGGER_RTT.o [1]
  .bss                 uninit   0x2000'662c      0xa0  AppBms.o [1]
  .bss                 uninit   0x2000'66cc      0x64  tasks.o [1]
  .bss                 uninit   0x2000'6730      0x50  AppBms.o [1]
  .bss                 uninit   0x2000'6780      0x40  queue.o [1]
  .bss                 uninit   0x2000'67c0      0x40  TraceAgentCore.o [1]
  .bss                 uninit   0x2000'6800      0x40  TraceAgentCore.o [1]
  .bss                 uninit   0x2000'6840      0x38  AppMotorDbg.o [1]
  .bss                 uninit   0x2000'6878      0x2c  AppCurrentSense.o [1]
  .bss                 uninit   0x2000'68a4      0x2c  AppMotorCtrl.o [1]
  .bss                 uninit   0x2000'68d0      0x2c  DRV8305NQ1.o [1]
  .bss                 uninit   0x2000'68fc      0x2c  DrvCan.o [1]
  .bss                 uninit   0x2000'6928      0x18  desc.o [1]
  .bss                 uninit   0x2000'6940      0x18  desc.o [1]
  .bss                 uninit   0x2000'6958      0x18  LegacyEcu.o [1]
  .bss                 uninit   0x2000'6970      0x14  desc.o [1]
  .bss                 uninit   0x2000'6984      0x14  LegacyEcu.o [1]
  .bss                 uninit   0x2000'6998      0x14  tasks.o [1]
  .bss                 uninit   0x2000'69ac      0x14  tasks.o [1]
  .bss                 uninit   0x2000'69c0      0x14  tasks.o [1]
  .bss                 uninit   0x2000'69d4      0x14  tasks.o [1]
  .bss                 uninit   0x2000'69e8      0x14  tasks.o [1]
  .bss                 uninit   0x2000'69fc      0x14  timers.o [1]
  .bss                 uninit   0x2000'6a10      0x14  timers.o [1]
  .bss                 uninit   0x2000'6a24      0x10  SEGGER_RTT.o [1]
  .bss                 uninit   0x2000'6a34      0x10  tpmc.o [1]
  .bss                 uninit   0x2000'6a44       0xc  CanIf.o [1]
  .bss                 uninit   0x2000'6a50       0xc  CddAdc.o [1]
  .bss                 uninit   0x2000'6a5c       0xc  CddAdc.o [1]
  .bss                 uninit   0x2000'6a68       0xc  desc.o [1]
  .bss                 uninit   0x2000'6a74       0xc  tpmc.o [1]
  .bss                 uninit   0x2000'6a80       0xc  tpmc.o [1]
  .bss                 uninit   0x2000'6a8c       0x8  CanNm_Cfg.o [1]
  .bss                 uninit   0x2000'6a94       0x8  CanNm_Cfg.o [1]
  .bss                 uninit   0x2000'6a9c       0x8  CddAdc.o [1]
  .bss                 uninit   0x2000'6aa4       0x8  desc.o [1]
  .bss                 uninit   0x2000'6aac       0x8  desc.o [1]
  .bss                 uninit   0x2000'6ab4       0x8  Det.o [1]
  .bss                 uninit   0x2000'6abc       0x8  drv_par.o [1]
  .bss                 uninit   0x2000'6ac4       0x8  drv_par.o [1]
  .bss                 uninit   0x2000'6acc       0x8  drv_par.o [1]
  .bss                 uninit   0x2000'6ad4       0x8  drv_par.o [1]
  .bss                 uninit   0x2000'6adc       0x8  drv_par.o [1]
  .bss                 uninit   0x2000'6ae4       0x8  drv_par.o [1]
  .bss                 uninit   0x2000'6aec       0x8  drv_par.o [1]
  .bss                 uninit   0x2000'6af4       0x8  drv_par.o [1]
  .bss                 uninit   0x2000'6afc       0x8  drv_par.o [1]
  .bss                 uninit   0x2000'6b04       0x8  heap_4.o [1]
  .bss                 uninit   0x2000'6b0c       0x8  il.o [1]
  .bss                 uninit   0x2000'6b14       0x8  tpmc.o [1]
  .bss                 uninit   0x2000'6b1c       0x8  tpmc.o [1]
  .bss                 uninit   0x2000'6b24       0x8  VsrvComCbk.o [1]
  .bss                 uninit   0x2000'6b2c       0x4  AppCurrentSense.o [1]
  .bss                 uninit   0x2000'6b30       0x4  AppCurrentSense.o [1]
  .bss                 uninit   0x2000'6b34       0x4  AppCurrentSense.o [1]
  .bss                 uninit   0x2000'6b38       0x4  AppCurrentSense.o [1]
  .bss                 uninit   0x2000'6b3c       0x4  AppCurrentSense.o [1]
  .bss                 uninit   0x2000'6b40       0x4  AppCurrentSense.o [1]
  .bss                 uninit   0x2000'6b44       0x4  AppCurrentSense.o [1]
  .bss                 uninit   0x2000'6b48       0x4  appdesc.o [1]
  .bss                 uninit   0x2000'6b4c       0x4  appdesc.o [1]
  .bss                 uninit   0x2000'6b50       0x4  CanIf.o [1]
  .bss                 uninit   0x2000'6b54       0x4  CanIf.o [1]
  .bss                 uninit   0x2000'6b58       0x4  CanIf.o [1]
  .bss                 uninit   0x2000'6b5c       0x4  CanNm.o [1]
  .bss                 uninit   0x2000'6b60       0x4  desc.o [1]
  .bss                 uninit   0x2000'6b64       0x4  desc.o [1]
[...]
__iar_sin32                0x1'7b99     0x4  Code  Gb  cos_sin32.o [3]
__iar_sin_medium32         0x1'7b99     0x4  Code  Gb  cos_sin32.o [3]
__iar_sin_mediumf          0x1'7b99     0x4  Code  Gb  cos_sin32.o [3]
__iar_zero_init3           0x1'1873    0x3a  Code  Gb  zero_init3.o [4]
__low_level_init           0x2'2357     0x4  Code  Gb  low_level_init.o [2]
__vector_table                  0x0          Data  Gb  Z20K146M_startup.o [1]
_acDownBuffer           0x2000'6a24    0x10  Data  Lc  SEGGER_RTT.o [1]
_acUpBuffer             0x2000'5b90   0x400  Data  Lc  SEGGER_RTT.o [1]
_call_main                 0x2'2345          Code  Gb  cmain.o [4]
_exit                      0x2'2361          Code  Gb  cexit.o [4]
_main                      0x2'2353          Code  Gb  cmain.o [4]
canHandleCurTxObj       0x2000'6c0e     0x2  Data  Lc  CanIf.o [1]
canRxHandle             0x2000'6c0c     0x2  Data  Gb  CanIf.o [1]
canRxInfoStruct         0x2000'6a44     0xc  Data  Lc  CanIf.o [1]
canStatus               0x2000'6c38     0x1  Data  Lc  CanIf.o [1]
canTxPartOffline        0x2000'6c37     0x1  Data  Lc  CanIf.o [1]
canTxQueueFlags         0x2000'6b58     0x4  Data  Lc  CanIf.o [1]
cbdWrpBusOffRecTimer    0x2000'6c30     0x2  Data  Gb  nmcbdwrp_par.o [1]
cbdWrpBusOffThresholdCounter
                        0x2000'6c5a     0x1  Data  Gb  nmcbdwrp_par.o [1]
cclBusState             0x2000'6c49     0x1  Data  Lc  ccl.o [1]
cclCanSleepRepetition   0x2000'6c43     0x1  Data  Lc  ccl.o [1]
cclCanSleepReturnCode   0x2000'6c44     0x1  Data  Lc  ccl.o [1]
cclComHwState           0x2000'6c48     0x1  Data  Lc  ccl.o [1]
cclComSwState           0x2000'6c4e     0x1  Data  Gb  ccl.o [1]
cclExtCanWakeUpReq      0x2000'6c42     0x1  Data  Lc  ccl.o [1]
cclIlTxAction           0x2000'6c4c     0x1  Data  Gb  ccl.o [1]
cclIntNetRel            0x2000'6c46     0x1  Data  Lc  ccl.o [1]
cclIntNetRelHistory     0x2000'6c47     0x1  Data  Lc  ccl.o [1]
cclIntNetReq            0x2000'6c45     0x1  Data  Lc  ccl.o [1]
cclIntNetState          0x2000'6c4b     0x1  Data  Gb  ccl.o [1]
cclNmState              0x2000'6c4d     0x1  Data  Gb  ccl.o [1]
cclStackInit            0x2000'6c4a     0x1  Data  Lc  ccl.o [1]
cclStartIndex              0x2'3339     0x1  Data  Gb  ccl_par.o [1]
cclStopIndex               0x2'333a     0x1  Data  Gb  ccl_par.o [1]
cclUserChannel             0x2'333d     0x1  Data  Gb  ccl_par.o [1]
cclUserMask                0x2'333c     0x1  Data  Gb  ccl_par.o [1]
cclUserOffset              0x2'333b     0x1  Data  Gb  ccl_par.o [1]
cosf                       0x1'7b95     0x4  Code  Gb  cos_sin32.o [3]
enBusoffEndILFastSendState
                        0x2000'089d     0x1  Data  Gb  VsrvComCbk.o [1]
enBusoffState           0x2000'089c     0x1  Data  Gb  VsrvComCbk.o [1]
exit                       0x2'235b     0x4  Code  Gb  exit.o [2]
gDrvCanGlobalStatus     0x2000'68fc    0x2c  Data  Gb  DrvCan.o [1]
g_aenAppCurrentSenseAdcChMap
                           0x2'2c1c     0x8  Data  Lc  AppCurrentSense.o [1]
g_applDescSeedX         0x2000'6b48     0x4  Data  Lc  appdesc.o [1]
g_applDescSeedY         0x2000'6b4c     0x4  Data  Lc  appdesc.o [1]
g_busInfoPoolTxRef      0x2000'6b60     0x4  Data  Lc  desc.o [1]
g_descAttemptCounterValue
                           0x1'325e     0x2  Data  Lc  desc.o [1]
g_descBuffer            0x2000'6390   0x1f4  Data  Lc  desc.o [1]
g_descCommControlInfo   0x2000'6b74     0x4  Data  Lc  desc.o [1]
g_descContextCtrl       0x2000'6b68     0x4  Data  Lc  desc.o [1]
g_descCurReqSvc         0x2000'6c51     0x1  Data  Lc  desc.o [1]
g_descCurReqSvcInst     0x2000'6c52     0x1  Data  Lc  desc.o [1]
g_descCurState          0x2000'6b6c     0x4  Data  Lc  desc.o [1]
g_descDelayTimerValue      0x2'3308     0x4  Data  Lc  desc.o [1]
g_descDoReloadS1Timer   0x2000'6c22     0x2  Data  Lc  desc.o [1]
g_descInterruptContextCtrl
                        0x2000'6aa4     0x8  Data  Lc  desc.o [1]
g_descIsKeyAwaited      0x2000'6c26     0x2  Data  Lc  desc.o [1]
g_descIsOemMainHdlrAlreadyCalled
                        0x2000'6c24     0x2  Data  Lc  desc.o [1]
g_descKeyLength            0x1'8292     0x2  Data  Lc  desc.o [1]
g_descMsgContext        0x2000'6928    0x18  Data  Lc  desc.o [1]
g_descNegResCode        0x2000'6c53     0x1  Data  Lc  desc.o [1]
g_descPIDInfo              0x1'fd30   0x360  Data  Lc  desc.o [1]
g_descPidList           0x2000'6c54     0x1  Data  Lc  desc.o [1]
g_descPidMsgContext     0x2000'6940    0x18  Data  Lc  desc.o [1]
g_descPidProcessorState
                        0x2000'6b80     0x4  Data  Lc  desc.o [1]
g_descPostHandlerTable     0x2'22d8    0x20  Data  Lc  desc.o [1]
g_descPreHandlerTable      0x2'24f8    0x18  Data  Lc  desc.o [1]
g_descRIDInfo              0x2'2c5c     0x8  Data  Lc  desc.o [1]
g_descRIDInstInfo          0x2'22f8    0x20  Data  Lc  desc.o [1]
g_descRcrrpBuffer       0x2000'6b64     0x4  Data  Lc  desc.o [1]
g_descRecallHandler     0x2000'6b70     0x4  Data  Lc  desc.o [1]
g_descRidLookUpTable       0x1'd246     0x2  Data  Lc  desc.o [1]
g_descRidSubFuncToCtrlTypeMap
                           0x2'330c     0x4  Data  Lc  desc.o [1]
g_descS1Timer           0x2000'6c20     0x2  Data  Lc  desc.o [1]
g_descSASeedBufferTable
                           0x2'2c54     0x8  Data  Lc  desc.o [1]
g_descSecureNrOfAttempts
                        0x2000'6c28     0x2  Data  Lc  desc.o [1]
g_descSecureTimer       0x2000'6b7c     0x4  Data  Lc  desc.o [1]
g_descSecurityAccessContext
                        0x2000'6a68     0xc  Data  Lc  desc.o [1]
g_descSeedBufferUnlocked_L1
                        0x2000'6b78     0x4  Data  Lc  desc.o [1]
g_descSeedBufferUnlocked_NAEN
                        0x2000'6aac     0x8  Data  Lc  desc.o [1]
g_descSeedLength           0x1'7686     0x2  Data  Lc  desc.o [1]
g_descSeedStored        0x2000'6c2a     0x2  Data  Lc  desc.o [1]
g_descSidMap               0x2'1f58    0x48  Data  Lc  desc.o [1]
g_descStateGroupTransition
                           0x2'2110    0x38  Data  Lc  desc.o [1]
g_descSvcHead              0x2'1be4    0xa8  Data  Lc  desc.o [1]
g_descSvcInst              0x1'f620   0x3ac  Data  Lc  desc.o [1]
g_descSvcInstHeadExt       0x2'1e34    0x4c  Data  Lc  desc.o [1]
g_descT2Timer           0x2000'6c1e     0x2  Data  Lc  desc.o [1]
g_descUsdtNetInfoPoolIsoTp
                        0x2000'6970    0x14  Data  Lc  desc.o [1]
g_det_last_error        0x2000'6ab4     0x8  Data  Gb  Det.o [1]
g_hssDbgCounterFocIsr   0x2000'6b30     0x4  Data  Gb  AppCurrentSense.o [1]
g_hssDbgCounterTask1ms  0x2000'6ba8     0x4  Data  Gb  OsUserConfig.o [1]
g_hssDbgOffsetM1U       0x2000'6c08     0x2  Data  Gb  AppCurrentSense.o [1]
g_hssDbgOffsetM1V       0x2000'6c0a     0x2  Data  Gb  AppCurrentSense.o [1]
g_hssDbgPatternFocIsr   0x2000'0800     0x4  Data  Gb  AppCurrentSense.o [1]
g_hssDbgRawAdcM1U       0x2000'6b38     0x4  Data  Gb  AppCurrentSense.o [1]
g_hssDbgRawAdcM1V       0x2000'6b3c     0x4  Data  Gb  AppCurrentSense.o [1]
g_hssDbgRawAdcM2U       0x2000'6b40     0x4  Data  Gb  AppCurrentSense.o [1]
g_hssDbgRawAdcM2V       0x2000'6b44     0x4  Data  Gb  AppCurrentSense.o [1]
g_hssDbgSawFocIsr       0x2000'6b30     0x4  Data  Gb  AppCurrentSense.o [1]
g_hssDbgToggleFocIsr    0x2000'6b34     0x4  Data  Gb  AppCurrentSense.o [1]
g_hssDbgWriteProbe      0x2000'0804     0x4  Data  Gb  AppCurrentSense.o [1]
gs_AdcGroup0Result      0x2000'6a50     0xc  Data  Lc  CddAdc.o [1]
gs_AdcGroup1Result      0x2000'6a5c     0xc  Data  Lc  CddAdc.o [1]
gs_CddAdcGroup0ResultIndexMap
                           0x2'2c44     0x8  Data  Lc  CddAdc.o [1]
gs_CddAdcGroup1ResultIndexMap
                           0x2'2c4c     0x8  Data  Lc  CddAdc.o [1]
gs_CddAdcInitFlag       0x2000'6c4f     0x1  Data  Lc  CddAdc.o [1]
gs_aucSectorTable          0x2'2c7c     0x8  Data  Lc  MotorSvpwm.o [1]
gstAppCurrentSenseRuntime
                        0x2000'6878    0x2c  Data  Lc  AppCurrentSense.o [1]
gstDrv8305StateReg      0x2000'68d0    0x2c  Data  Lc  DRV8305NQ1.o [1]
gstLegacyEcuRxMsgErr    0x2000'6984    0x14  Data  Lc  LegacyEcu.o [1]
gstLegacyEcuSendCntInfo
                        0x2000'6958    0x18  Data  Lc  LegacyEcu.o [1]
gstMotorCtrl            0x2000'68a4    0x2c  Data  Lc  AppMotorCtrl.o [1]
gstMotorDbg             0x2000'6840    0x38  Data  Lc  AppMotorDbg.o [1]
gstaAppBmsPowerOffInfo  0x2000'6730    0x50  Data  Lc  AppBms.o [1]
gstaVoltageCfgTable        0x2'154c    0xc8  Data  Lc  AppBms.o [1]
gucAppCanNmValid        0x2000'6c5f     0x1  Data  Gb  VsrvComCbk.o [1]
gucAppCanValidDiagMsgRx
                        0x2000'6c60     0x1  Data  Gb  VsrvComCbk.o [1]
gucApplBusoffState      0x2000'6c62     0x1  Data  Gb  VsrvComCbk.o [1]
gucConsecBusoffCnt      0x2000'6c61     0x1  Data  Gb  VsrvComCbk.o [1]
gucNMDisableFlag        0x2000'6c50     0x1  Data  Gb  desc.o [1]
gucNmMsgPreTransmintBuffer
                        0x2000'6b24     0x8  Data  Gb  VsrvComCbk.o [1]
gucOfflineTimer         0x2000'6c63     0x1  Data  Lc  VsrvComCbk.o [1]
gucOnlineTimer          0x2000'6c64     0x1  Data  Lc  VsrvComCbk.o [1]
gulCddAdcDmaDoneCount   0x2000'6a9c     0x8  Data  Gb  CddAdc.o [1]
guwWdgCount             0x2000'6c1a     0x2  Data  Lc  CddSbc.o [1]
guwWdgFlg               0x2000'6c1c     0x2  Data  Lc  CddSbc.o [1]
ilChannelState          0x2000'6c58     0x1  Data  Gb  il.o [1]
ilRxTimeoutCounter      0x2000'6b0c     0x8  Data  Gb  il.o [1]
ilRxTimerFlags          0x2000'6c59     0x1  Data  Gb  il.o [1]
ilTxCyclicCounter       0x2000'6ba4     0x4  Data  Lc  il.o [1]
ilTxState               0x2000'6c2c     0x2  Data  Gb  il.o [1]
ilTxUpdateCounter       0x2000'6c2e     0x2  Data  Gb  il.o [1]
main                       0x2'1841    0x16  Code  Gb  main.o [1]
memset                     0x1'591d    0x14  Code  Gb  memset.o [4]
pcInterruptPriorityRegisters
                           0x2'3310     0x4  Data  Lc  freertos_Port.o [1]
prvAddCurrentTaskToDelayedList
                           0x1'c231    0x6e  Code  Lc  tasks.o [1]
prvAddNewTaskToReadyList
                           0x1'ba8d    0x9a  Code  Lc  tasks.o [1]
prvCheckForValidListAndQueue
                           0x1'cafb    0x46  Code  Lc  timers.o [1]
prvCheckTasksWaitingTermination
                           0x1'c0c3    0x36  Code  Lc  tasks.o [1]
prvCopyDataFromQueue       0x1'd0ff    0x2a  Code  Lc  queue.o [1]
prvCopyDataToQueue         0x1'd079    0x86  Code  Lc  queue.o [1]
prvDeleteTCB               0x1'c101    0x12  Code  Lc  tasks.o [1]
prvGetNextExpireTime       0x1'c90d    0x24  Code  Lc  timers.o [1]
prvHeapInit                0x1'c42b    0x5e  Code  Lc  heap_4.o [1]
prvIdleTask                0x1'c051    0x22  Code  Lc  tasks.o [1]
prvInitialiseNewQueue      0x1'ccf3    0x1c  Code  Lc  queue.o [1]
prvInitialiseNewTask       0x1'b9c5    0xc8  Code  Lc  tasks.o [1]
prvInitialiseTaskLists     0x1'c073    0x50  Code  Lc  tasks.o [1]
prvInsertBlockIntoFreeList
                           0x1'c489    0x5e  Code  Lc  heap_4.o [1]
prvInsertTimerInActiveList
                           0x1'c957    0x3e  Code  Lc  timers.o [1]
prvIsQueueEmpty            0x1'd197    0x1c  Code  Lc  queue.o [1]
prvIsQueueFull             0x1'd1b3    0x1e  Code  Lc  queue.o [1]
prvProcessExpiredTimer     0x1'c829    0x5e  Code  Lc  timers.o [1]
prvProcessReceivedCommands
                           0x1'c995    0xfe  Code  Lc  timers.o [1]
prvProcessTimerOrBlockTask
                           0x1'c89d    0x70  Code  Lc  timers.o [1]
prvResetNextTaskUnblockTime
                           0x1'c113    0x26  Code  Lc  tasks.o [1]
prvSampleTimeNow           0x1'c931    0x26  Code  Lc  timers.o [1]
prvSampleTimeNow::xLastTime
                        0x2000'6bf8     0x4  Data  Lc  timers.o [1]
prvSwitchTimerLists        0x1'ca93    0x68  Code  Lc  timers.o [1]
prvTaskExitError           0x1'c5cd    0x1e  Code  Lc  freertos_Port.o [1]
prvTimerTask               0x1'c889    0x14  Code  Lc  timers.o [1]
prvUnlockQueue             0x1'd129    0x6e  Code  Lc  queue.o [1]
pvPortMalloc               0x1'c2d1    0xf8  Code  Gb  heap_4.o [1]
pxCurrentTCB            0x2000'6bac     0x4  Data  Gb  tasks.o [1]
pxCurrentTimerList      0x2000'6be8     0x4  Data  Lc  timers.o [1]
pxDelayedTaskList       0x2000'6bb0     0x4  Data  Lc  tasks.o [1]
pxEnd                   0x2000'6b8c     0x4  Data  Lc  heap_4.o [1]
pxOverflowDelayedTaskList
                        0x2000'6bb4     0x4  Data  Lc  tasks.o [1]
pxOverflowTimerList     0x2000'6bec     0x4  Data  Lc  timers.o [1]
pxPortInitialiseStack      0x1'c5a5    0x28  Code  Gb  freertos_Port.o [1]
pxReadyTasksLists       0x2000'66cc    0x64  Data  Lc  tasks.o [1]
sDrvCanInitialized      0x2000'6c56     0x1  Data  Lc  DrvCan.o [1]
s_traceAgentDownBuffer  0x2000'6800    0x40  Data  Lc  TraceAgentCore.o [1]
s_traceAgentDownLength  0x2000'6c32     0x2  Data  Lc  TraceAgentCore.o [1]
s_traceAgentInitStatus  0x2000'6c34     0x2  Data  Lc  TraceAgentCore.o [1]
s_traceAgentInitialized
                        0x2000'6c5e     0x1  Data  Lc  TraceAgentCore.o [1]
s_traceAgentRttDownRttBuffer
                        0x2000'67c0    0x40  Data  Lc  TraceAgentCore.o [1]
s_traceAgentRttUpBuffer
                        0x2000'5f90   0x400  Data  Lc  TraceAgentCore.o [1]
s_traceAgentSeq         0x2000'6bfc     0x4  Data  Lc  TraceAgentCore.o [1]
s_traceAgentTimeUs      0x2000'6c00     0x4  Data  Lc  TraceAgentCore.o [1]
s_traceAliveCounter     0x2000'6c04     0x4  Data  Lc  TraceAgentPort.o [1]
sinf                       0x1'7b99     0x4  Code  Gb  cos_sin32.o [3]
staAppBmsInfo           0x2000'662c    0xa0  Data  Lc  AppBms.o [1]
strcpy                     0x1'f2f9          Code  Gb  strcpy.o [4]
strlen                     0x1'f311          Code  Gb  strlen.o [4]
tpFuncInfoStruct        0x2000'6a80     0xc  Data  Lc  tpmc.o [1]
tpFuncState_engine      0x2000'6c5d     0x1  Data  Lc  tpmc.o [1]
tpRxInfoStruct          0x2000'6a34    0x10  Data  Gb  tpmc.o [1]
tpRxState               0x2000'6b1c     0x8  Data  Lc  tpmc.o [1]
tpStateTaskBusy         0x2000'6c5b     0x1  Data  Lc  tpmc.o [1]
tpTransmitChannel       0x2000'6c5c     0x1  Data  Lc  tpmc.o [1]
tpTxInfoStruct          0x2000'6a74     0xc  Data  Gb  tpmc.o [1]
tpTxState               0x2000'6b14     0x8  Data  Lc  tpmc.o [1]
txInfoStructConf        0x2000'6b54     0x4  Data  Lc  CanIf.o [1]
ucHeap                  0x2000'1b90  0x4000  Data  Lc  heap_4.o [1]
ucMaxSysCallPriority    0x2000'6c57     0x1  Data  Lc  freertos_Port.o [1]
ulMaxPRIGROUPValue      0x2000'6b88     0x4  Data  Lc  freertos_Port.o [1]
undefined_handler          0x2'2061     0x2  Code  Gb  Interrupt_Drv_Cfg.o [1]
uxCriticalNesting       0x2000'6b84     0x4  Data  Lc  freertos_Port.o [1]
uxCurrentNumberOfTasks  0x2000'6bbc     0x4  Data  Lc  tasks.o [1]
uxDeletedTasksWaitingCleanUp
                        0x2000'6bb8     0x4  Data  Lc  tasks.o [1]
uxListRemove               0x1'c57f    0x26  Code  Gb  list.o [1]
uxSchedulerSuspended    0x2000'6be4     0x4  Data  Lc  tasks.o [1]
uxTaskNumber            0x2000'6bd8     0x4  Data  Lc  tasks.o [1]
uxTopReadyPriority      0x2000'6bc4     0x4  Data  Lc  tasks.o [1]
vListInitialise            0x1'c50d    0x1e  Code  Gb  list.o [1]
vListInitialiseItem        0x1'c52b     0x6  Code  Gb  list.o [1]
vListInsert                0x1'c549    0x36  Code  Gb  list.o [1]
vListInsertEnd             0x1'c531    0x18  Code  Gb  list.o [1]
vPortEnableVFP             0x1'cbfd          Code  Gb  portasm.o [1]
vPortEnterCritical         0x1'c695    0x2a  Code  Gb  freertos_Port.o [1]
vPortExitCritical          0x1'c6bf    0x20  Code  Gb  freertos_Port.o [1]
vPortFree                  0x1'c3c9    0x62  Code  Gb  heap_4.o [1]
vPortStartFirstTask        0x1'cbdd          Code  Gb  portasm.o [1]
vPortValidateInterruptPriority
                           0x1'c709    0x32  Code  Gb  freertos_Port.o [1]
vQueueAddToRegistry        0x1'd1d1    0x24  Code  Gb  queue.o [1]
vQueueWaitForMessageRestricted
                           0x1'd1fd    0x4a  Code  Gb  queue.o [1]
vTaskDelayUntil            0x1'bbe7    0x80  Code  Gb  tasks.o [1]
vTaskDelete                0x1'bb27    0xc0  Code  Gb  tasks.o [1]
vTaskInternalSetTimeOutState
                           0x1'bfc7    0x12  Code  Gb  tasks.o [1]
vTaskMissedYield           0x1'c045     0xa  Code  Gb  tasks.o [1]
vTaskPlaceOnEventList      0x1'bf09    0x22  Code  Gb  tasks.o [1]
vTaskPlaceOnEventListRestricted
                           0x1'bf2b    0x2c  Code  Gb  tasks.o [1]
vTaskStartScheduler        0x1'bc67    0x62  Code  Gb  tasks.o [1]
vTaskSuspendAll            0x1'bcc9     0xc  Code  Gb  tasks.o [1]
vTaskSwitchContext         0x1'bea5    0x64  Code  Gb  tasks.o [1]
xActiveTimerList1       0x2000'69fc    0x14  Data  Lc  timers.o [1]
xActiveTimerList2       0x2000'6a10    0x14  Data  Lc  timers.o [1]
xBlockAllocatedBit      0x2000'6ba0     0x4  Data  Lc  heap_4.o [1]
xDelayedTaskList1       0x2000'6998    0x14  Data  Lc  tasks.o [1]
xDelayedTaskList2       0x2000'69ac    0x14  Data  Lc  tasks.o [1]
xFreeBytesRemaining     0x2000'6b90     0x4  Data  Lc  heap_4.o [1]
xHeapStructSize            0x2'3314     0x4  Data  Lc  heap_4.o [1]
xIdleTaskHandle         0x2000'6be0     0x4  Data  Lc  tasks.o [1]
xMinimumEverFreeBytesRemaining
                        0x2000'6b94     0x4  Data  Lc  heap_4.o [1]
xNextTaskUnblockTime    0x2000'6bdc     0x4  Data  Lc  tasks.o [1]
xNumOfOverflows         0x2000'6bd4     0x4  Data  Lc  tasks.o [1]
xNumberOfSuccessfulAllocations
                        0x2000'6b98     0x4  Data  Lc  heap_4.o [1]
xNumberOfSuccessfulFrees
                        0x2000'6b9c     0x4  Data  Lc  heap_4.o [1]
xPendedTicks            0x2000'6bcc     0x4  Data  Lc  tasks.o [1]
xPendingReadyList       0x2000'69c0    0x14  Data  Lc  tasks.o [1]
xPortStartScheduler        0x1'c5eb    0xaa  Code  Gb  freertos_Port.o [1]
xQueueGenericCreate        0x1'cc9f    0x54  Code  Gb  queue.o [1]
xQueueGenericReset         0x1'cc19    0x86  Code  Gb  queue.o [1]
xQueueGenericSend          0x1'cd0f   0x168  Code  Gb  queue.o [1]
xQueueGenericSendFromISR
                           0x1'ce77    0xc8  Code  Gb  queue.o [1]
xQueueReceive              0x1'cf3f   0x13a  Code  Gb  queue.o [1]
xQueueRegistry          0x2000'6780    0x40  Data  Gb  queue.o [1]
xSchedulerRunning       0x2000'6bc8     0x4  Data  Lc  tasks.o [1]
xStart                  0x2000'6b04     0x8  Data  Lc  heap_4.o [1]
xSuspendedTaskList      0x2000'69e8    0x14  Data  Lc  tasks.o [1]
xTaskCheckForTimeOut       0x1'bfd9    0x6c  Code  Gb  tasks.o [1]
xTaskCreate                0x1'b959    0x6c  Code  Gb  tasks.o [1]
xTaskGetSchedulerState     0x1'c145    0x20  Code  Gb  tasks.o [1]
xTaskGetTickCount          0x1'bdad     0x8  Code  Gb  tasks.o [1]
xTaskIncrementTick         0x1'bdb5    0xf0  Code  Gb  tasks.o [1]
xTaskPriorityDisinherit
                           0x1'c175    0x86  Code  Gb  tasks.o [1]
xTaskRemoveFromEventList
                           0x1'bf57    0x70  Code  Gb  tasks.o [1]
xTaskResumeAll             0x1'bcd5    0xd8  Code  Gb  tasks.o [1]
xTasksWaitingTermination
                        0x2000'69d4    0x14  Data  Lc  tasks.o [1]
xTickCount              0x2000'6bc0     0x4  Data  Lc  tasks.o [1]
xTimerCreateTimerTask      0x1'c795    0x3c  Code  Gb  timers.o [1]
xTimerGenericCommand       0x1'c7d1    0x58  Code  Gb  timers.o [1]
xTimerQueue             0x2000'6bf0     0x4  Data  Lc  timers.o [1]
xTimerTaskHandle        0x2000'6bf4     0x4  Data  Lc  timers.o [1]
xYieldPending           0x2000'6bd0     0x4  Data  Lc  tasks.o [1]


[1] = D:\FOC_Project\Trunk\ProJect\HM_C095_SCM_App-e8f80a2-mcal-config\Appl\Debug\Obj
[2] = dl7M_tlf.a
[3] = m7M_tls.a
[4] = rt7M_tl.a
[5] = shb_l.a

  83'424 bytes of readonly  code memory
  10'198 bytes of readonly  data memory
  27'748 bytes of readwrite data memory

Errors: none
Warnings: none
